Archive member included to satisfy reference by file (symbol)

c:/program files (x86)/atmel/studio/7.0/toolchain/avr8/avr8-gnu-toolchain/bin/../lib/gcc/avr/5.4.0/../../../../avr/lib/avr5\libm.a(addsf3.o)
                              MCUAL/LCD/LCD_Program.o (__subsf3)
c:/program files (x86)/atmel/studio/7.0/toolchain/avr8/avr8-gnu-toolchain/bin/../lib/gcc/avr/5.4.0/../../../../avr/lib/avr5\libm.a(addsf3x.o)
                              c:/program files (x86)/atmel/studio/7.0/toolchain/avr8/avr8-gnu-toolchain/bin/../lib/gcc/avr/5.4.0/../../../../avr/lib/avr5\libm.a(addsf3.o) (__addsf3x)
c:/program files (x86)/atmel/studio/7.0/toolchain/avr8/avr8-gnu-toolchain/bin/../lib/gcc/avr/5.4.0/../../../../avr/lib/avr5\libm.a(fixsfsi.o)
                              MCUAL/LCD/LCD_Program.o (__fixsfsi)
c:/program files (x86)/atmel/studio/7.0/toolchain/avr8/avr8-gnu-toolchain/bin/../lib/gcc/avr/5.4.0/../../../../avr/lib/avr5\libm.a(fixunssfsi.o)
                              c:/program files (x86)/atmel/studio/7.0/toolchain/avr8/avr8-gnu-toolchain/bin/../lib/gcc/avr/5.4.0/../../../../avr/lib/avr5\libm.a(fixsfsi.o) (__fixunssfsi)
c:/program files (x86)/atmel/studio/7.0/toolchain/avr8/avr8-gnu-toolchain/bin/../lib/gcc/avr/5.4.0/../../../../avr/lib/avr5\libm.a(floatsisf.o)
                              MCUAL/LCD/LCD_Program.o (__floatsisf)
c:/program files (x86)/atmel/studio/7.0/toolchain/avr8/avr8-gnu-toolchain/bin/../lib/gcc/avr/5.4.0/../../../../avr/lib/avr5\libm.a(fp_inf.o)
                              c:/program files (x86)/atmel/studio/7.0/toolchain/avr8/avr8-gnu-toolchain/bin/../lib/gcc/avr/5.4.0/../../../../avr/lib/avr5\libm.a(addsf3x.o) (__fp_inf)
c:/program files (x86)/atmel/studio/7.0/toolchain/avr8/avr8-gnu-toolchain/bin/../lib/gcc/avr/5.4.0/../../../../avr/lib/avr5\libm.a(fp_nan.o)
                              c:/program files (x86)/atmel/studio/7.0/toolchain/avr8/avr8-gnu-toolchain/bin/../lib/gcc/avr/5.4.0/../../../../avr/lib/avr5\libm.a(addsf3x.o) (__fp_nan)
c:/program files (x86)/atmel/studio/7.0/toolchain/avr8/avr8-gnu-toolchain/bin/../lib/gcc/avr/5.4.0/../../../../avr/lib/avr5\libm.a(fp_pscA.o)
                              c:/program files (x86)/atmel/studio/7.0/toolchain/avr8/avr8-gnu-toolchain/bin/../lib/gcc/avr/5.4.0/../../../../avr/lib/avr5\libm.a(addsf3x.o) (__fp_pscA)
c:/program files (x86)/atmel/studio/7.0/toolchain/avr8/avr8-gnu-toolchain/bin/../lib/gcc/avr/5.4.0/../../../../avr/lib/avr5\libm.a(fp_pscB.o)
                              c:/program files (x86)/atmel/studio/7.0/toolchain/avr8/avr8-gnu-toolchain/bin/../lib/gcc/avr/5.4.0/../../../../avr/lib/avr5\libm.a(addsf3x.o) (__fp_pscB)
c:/program files (x86)/atmel/studio/7.0/toolchain/avr8/avr8-gnu-toolchain/bin/../lib/gcc/avr/5.4.0/../../../../avr/lib/avr5\libm.a(fp_round.o)
                              c:/program files (x86)/atmel/studio/7.0/toolchain/avr8/avr8-gnu-toolchain/bin/../lib/gcc/avr/5.4.0/../../../../avr/lib/avr5\libm.a(addsf3.o) (__fp_round)
c:/program files (x86)/atmel/studio/7.0/toolchain/avr8/avr8-gnu-toolchain/bin/../lib/gcc/avr/5.4.0/../../../../avr/lib/avr5\libm.a(fp_split3.o)
                              c:/program files (x86)/atmel/studio/7.0/toolchain/avr8/avr8-gnu-toolchain/bin/../lib/gcc/avr/5.4.0/../../../../avr/lib/avr5\libm.a(addsf3x.o) (__fp_split3)
c:/program files (x86)/atmel/studio/7.0/toolchain/avr8/avr8-gnu-toolchain/bin/../lib/gcc/avr/5.4.0/../../../../avr/lib/avr5\libm.a(fp_zero.o)
                              c:/program files (x86)/atmel/studio/7.0/toolchain/avr8/avr8-gnu-toolchain/bin/../lib/gcc/avr/5.4.0/../../../../avr/lib/avr5\libm.a(addsf3x.o) (__fp_zero)
c:/program files (x86)/atmel/studio/7.0/toolchain/avr8/avr8-gnu-toolchain/bin/../lib/gcc/avr/5.4.0/../../../../avr/lib/avr5\libm.a(mulsf3.o)
                              MCUAL/LCD/LCD_Program.o (__mulsf3)
c:/program files (x86)/atmel/studio/7.0/toolchain/avr8/avr8-gnu-toolchain/bin/../lib/gcc/avr/5.4.0/../../../../avr/lib/avr5\libm.a(mulsf3x.o)
                              c:/program files (x86)/atmel/studio/7.0/toolchain/avr8/avr8-gnu-toolchain/bin/../lib/gcc/avr/5.4.0/../../../../avr/lib/avr5\libm.a(mulsf3.o) (__mulsf3x)
c:/program files (x86)/atmel/studio/7.0/toolchain/avr8/avr8-gnu-toolchain/bin/../lib/gcc/avr/5.4.0/../../../../avr/lib/avr5\libm.a(pow.o)
                              MCUAL/LCD/LCD_Program.o (pow)
c:/program files (x86)/atmel/studio/7.0/toolchain/avr8/avr8-gnu-toolchain/bin/../lib/gcc/avr/5.4.0/../../../../avr/lib/avr5\libm.a(exp.o)
                              c:/program files (x86)/atmel/studio/7.0/toolchain/avr8/avr8-gnu-toolchain/bin/../lib/gcc/avr/5.4.0/../../../../avr/lib/avr5\libm.a(pow.o) (exp)
c:/program files (x86)/atmel/studio/7.0/toolchain/avr8/avr8-gnu-toolchain/bin/../lib/gcc/avr/5.4.0/../../../../avr/lib/avr5\libm.a(fp_powser.o)
                              c:/program files (x86)/atmel/studio/7.0/toolchain/avr8/avr8-gnu-toolchain/bin/../lib/gcc/avr/5.4.0/../../../../avr/lib/avr5\libm.a(exp.o) (__fp_powser)
c:/program files (x86)/atmel/studio/7.0/toolchain/avr8/avr8-gnu-toolchain/bin/../lib/gcc/avr/5.4.0/../../../../avr/lib/avr5\libm.a(inverse.o)
                              c:/program files (x86)/atmel/studio/7.0/toolchain/avr8/avr8-gnu-toolchain/bin/../lib/gcc/avr/5.4.0/../../../../avr/lib/avr5\libm.a(exp.o) (inverse)
c:/program files (x86)/atmel/studio/7.0/toolchain/avr8/avr8-gnu-toolchain/bin/../lib/gcc/avr/5.4.0/../../../../avr/lib/avr5\libm.a(ldexp.o)
                              c:/program files (x86)/atmel/studio/7.0/toolchain/avr8/avr8-gnu-toolchain/bin/../lib/gcc/avr/5.4.0/../../../../avr/lib/avr5\libm.a(exp.o) (ldexp)
c:/program files (x86)/atmel/studio/7.0/toolchain/avr8/avr8-gnu-toolchain/bin/../lib/gcc/avr/5.4.0/../../../../avr/lib/avr5\libm.a(log.o)
                              c:/program files (x86)/atmel/studio/7.0/toolchain/avr8/avr8-gnu-toolchain/bin/../lib/gcc/avr/5.4.0/../../../../avr/lib/avr5\libm.a(pow.o) (log)
c:/program files (x86)/atmel/studio/7.0/toolchain/avr8/avr8-gnu-toolchain/bin/../lib/gcc/avr/5.4.0/../../../../avr/lib/avr5\libm.a(modf.o)
                              c:/program files (x86)/atmel/studio/7.0/toolchain/avr8/avr8-gnu-toolchain/bin/../lib/gcc/avr/5.4.0/../../../../avr/lib/avr5\libm.a(exp.o) (modf)
c:/program files (x86)/atmel/studio/7.0/toolchain/avr8/avr8-gnu-toolchain/bin/../lib/gcc/avr/5.4.0/../../../../avr/lib/avr5\libm.a(divsf3.o)
                              c:/program files (x86)/atmel/studio/7.0/toolchain/avr8/avr8-gnu-toolchain/bin/../lib/gcc/avr/5.4.0/../../../../avr/lib/avr5\libm.a(inverse.o) (__divsf3)
c:/program files (x86)/atmel/studio/7.0/toolchain/avr8/avr8-gnu-toolchain/bin/../lib/gcc/avr/5.4.0/../../../../avr/lib/avr5\libm.a(divsf3x.o)
                              c:/program files (x86)/atmel/studio/7.0/toolchain/avr8/avr8-gnu-toolchain/bin/../lib/gcc/avr/5.4.0/../../../../avr/lib/avr5\libm.a(divsf3.o) (__divsf3x)
c:/program files (x86)/atmel/studio/7.0/toolchain/avr8/avr8-gnu-toolchain/bin/../lib/gcc/avr/5.4.0/../../../../avr/lib/avr5\libm.a(fp_mpack.o)
                              c:/program files (x86)/atmel/studio/7.0/toolchain/avr8/avr8-gnu-toolchain/bin/../lib/gcc/avr/5.4.0/../../../../avr/lib/avr5\libm.a(ldexp.o) (__fp_mpack)
c:/program files (x86)/atmel/studio/7.0/toolchain/avr8/avr8-gnu-toolchain/bin/../lib/gcc/avr/5.4.0/avr5\libgcc.a(_divmodhi4.o)
                              MCUAL/LCD/LCD_Program.o (__divmodhi4)
c:/program files (x86)/atmel/studio/7.0/toolchain/avr8/avr8-gnu-toolchain/bin/../lib/gcc/avr/5.4.0/avr5\libgcc.a(_divmodsi4.o)
                              MCUAL/ULTRASONIC/ULTRASONIC_Program.o (__divmodsi4)
c:/program files (x86)/atmel/studio/7.0/toolchain/avr8/avr8-gnu-toolchain/bin/../lib/gcc/avr/5.4.0/avr5\libgcc.a(_negsi2.o)
                              c:/program files (x86)/atmel/studio/7.0/toolchain/avr8/avr8-gnu-toolchain/bin/../lib/gcc/avr/5.4.0/avr5\libgcc.a(_divmodsi4.o) (__negsi2)
c:/program files (x86)/atmel/studio/7.0/toolchain/avr8/avr8-gnu-toolchain/bin/../lib/gcc/avr/5.4.0/avr5\libgcc.a(_exit.o)
                              C:/Program Files (x86)/Atmel/Studio/7.0/Packs/atmel/ATmega_DFP/1.7.374/gcc/dev/atmega32/avr5/crtatmega32.o (exit)
c:/program files (x86)/atmel/studio/7.0/toolchain/avr8/avr8-gnu-toolchain/bin/../lib/gcc/avr/5.4.0/avr5\libgcc.a(_copy_data.o)
                              APP/Traffic System/Traffic.o (__do_copy_data)
c:/program files (x86)/atmel/studio/7.0/toolchain/avr8/avr8-gnu-toolchain/bin/../lib/gcc/avr/5.4.0/avr5\libgcc.a(_clear_bss.o)
                              APP/Traffic System/Traffic.o (__do_clear_bss)
c:/program files (x86)/atmel/studio/7.0/toolchain/avr8/avr8-gnu-toolchain/bin/../lib/gcc/avr/5.4.0/avr5\libgcc.a(_umulhisi3.o)
                              MCUAL/ULTRASONIC/ULTRASONIC_Program.o (__umulhisi3)
c:/program files (x86)/atmel/studio/7.0/toolchain/avr8/avr8-gnu-toolchain/bin/../lib/gcc/avr/5.4.0/avr5\libgcc.a(_udivmodhi4.o)
                              c:/program files (x86)/atmel/studio/7.0/toolchain/avr8/avr8-gnu-toolchain/bin/../lib/gcc/avr/5.4.0/avr5\libgcc.a(_divmodhi4.o) (__udivmodhi4)
c:/program files (x86)/atmel/studio/7.0/toolchain/avr8/avr8-gnu-toolchain/bin/../lib/gcc/avr/5.4.0/avr5\libgcc.a(_udivmodsi4.o)
                              c:/program files (x86)/atmel/studio/7.0/toolchain/avr8/avr8-gnu-toolchain/bin/../lib/gcc/avr/5.4.0/avr5\libgcc.a(_divmodsi4.o) (__udivmodsi4)
c:/program files (x86)/atmel/studio/7.0/toolchain/avr8/avr8-gnu-toolchain/bin/../lib/gcc/avr/5.4.0/../../../../avr/lib/avr5\libc.a(itoa_ncheck.o)
                              MCUAL/LCD/LCD_Program.o (__itoa_ncheck)
c:/program files (x86)/atmel/studio/7.0/toolchain/avr8/avr8-gnu-toolchain/bin/../lib/gcc/avr/5.4.0/../../../../avr/lib/avr5\libc.a(utoa_ncheck.o)
                              c:/program files (x86)/atmel/studio/7.0/toolchain/avr8/avr8-gnu-toolchain/bin/../lib/gcc/avr/5.4.0/../../../../avr/lib/avr5\libc.a(itoa_ncheck.o) (__utoa_common)
c:/program files (x86)/atmel/studio/7.0/toolchain/avr8/avr8-gnu-toolchain/bin/../lib/gcc/avr/5.4.0/../../../../avr/lib/avr5\libc.a(strrev.o)
                              c:/program files (x86)/atmel/studio/7.0/toolchain/avr8/avr8-gnu-toolchain/bin/../lib/gcc/avr/5.4.0/../../../../avr/lib/avr5\libc.a(utoa_ncheck.o) (strrev)

Allocating common symbols
Common symbol       size              file

b                   0x2               MCUAL/ULTRASONIC/ULTRASONIC_Program.o
distance            0x2               MCUAL/ULTRASONIC/ULTRASONIC_Program.o
high                0x2               MCUAL/ULTRASONIC/ULTRASONIC_Program.o
a                   0x2               MCUAL/ULTRASONIC/ULTRASONIC_Program.o

Discarded input sections

 .data          0x00000000        0x0 C:/Program Files (x86)/Atmel/Studio/7.0/Packs/atmel/ATmega_DFP/1.7.374/gcc/dev/atmega32/avr5/crtatmega32.o
 .bss           0x00000000        0x0 C:/Program Files (x86)/Atmel/Studio/7.0/Packs/atmel/ATmega_DFP/1.7.374/gcc/dev/atmega32/avr5/crtatmega32.o
 .text          0x00000000        0x0 APP/App.o
 .data          0x00000000        0x0 APP/App.o
 .bss           0x00000000        0x0 APP/App.o
 .text.APP_INIT
                0x00000000        0x2 APP/App.o
 .text.APP_START
                0x00000000        0x2 APP/App.o
 .debug_info    0x00000000       0xaa APP/App.o
 .debug_abbrev  0x00000000       0x44 APP/App.o
 .debug_aranges
                0x00000000       0x28 APP/App.o
 .debug_ranges  0x00000000       0x18 APP/App.o
 .debug_line    0x00000000       0x4c APP/App.o
 .debug_str     0x00000000      0x1e8 APP/App.o
 .comment       0x00000000       0x31 APP/App.o
 .debug_frame   0x00000000       0x34 APP/App.o
 .text          0x00000000        0x0 APP/Traffic System/Traffic.o
 .data          0x00000000        0x0 APP/Traffic System/Traffic.o
 .bss           0x00000000        0x0 APP/Traffic System/Traffic.o
 .text          0x00000000        0x0 main.o
 .data          0x00000000        0x0 main.o
 .bss           0x00000000        0x0 main.o
 .text.ADC_NOTIFICATION
                0x00000000        0x2 main.o
 .text          0x00000000        0x0 MCAL/ADC/ADC_Program.o
 .data          0x00000000        0x0 MCAL/ADC/ADC_Program.o
 .bss           0x00000000        0x0 MCAL/ADC/ADC_Program.o
 .text.ADC_INIT
                0x00000000       0x26 MCAL/ADC/ADC_Program.o
 .text.ADC_START_CONVERSION_SYN
                0x00000000       0x72 MCAL/ADC/ADC_Program.o
 .text.ADC_START_CONVERSION_ASYN
                0x00000000       0x58 MCAL/ADC/ADC_Program.o
 .text          0x00000000        0x0 MCAL/EXT_INTERRUPT/EXT_INTERRUPT_Program.o
 .data          0x00000000        0x0 MCAL/EXT_INTERRUPT/EXT_INTERRUPT_Program.o
 .bss           0x00000000        0x0 MCAL/EXT_INTERRUPT/EXT_INTERRUPT_Program.o
 .text.EXT_DISABLE_GLOBAL
                0x00000000        0x8 MCAL/EXT_INTERRUPT/EXT_INTERRUPT_Program.o
 .text          0x00000000        0x0 MCAL/GPIO/GPIO_Program.o
 .data          0x00000000        0x0 MCAL/GPIO/GPIO_Program.o
 .bss           0x00000000        0x0 MCAL/GPIO/GPIO_Program.o
 .text.GPIO_SETPORT_DIRECTION
                0x00000000       0x6c MCAL/GPIO/GPIO_Program.o
 .text.GPIO_SETPORT_VALUE
                0x00000000       0x6e MCAL/GPIO/GPIO_Program.o
 .text.GPIO_WRITE_ON_PORT
                0x00000000       0x2c MCAL/GPIO/GPIO_Program.o
 .text.GPIO_TOGPIN_VALUE
                0x00000000       0x74 MCAL/GPIO/GPIO_Program.o
 .text.GPIO_TOGPORT_VALUE
                0x00000000       0x3c MCAL/GPIO/GPIO_Program.o
 .text.GPIO_READPORT_VALUE
                0x00000000       0x24 MCAL/GPIO/GPIO_Program.o
 .text.GPIO_SETPIN_PULLUP
                0x00000000       0x74 MCAL/GPIO/GPIO_Program.o
 .text          0x00000000        0x0 MCAL/TIMERS/TIMER0/TIMER0_Program.o
 .data          0x00000000        0x0 MCAL/TIMERS/TIMER0/TIMER0_Program.o
 .bss           0x00000000        0x0 MCAL/TIMERS/TIMER0/TIMER0_Program.o
 .text.TIMER0_SET_PRELOAD
                0x00000000        0x4 MCAL/TIMERS/TIMER0/TIMER0_Program.o
 .text.TIMER0_SET_CTC
                0x00000000        0x4 MCAL/TIMERS/TIMER0/TIMER0_Program.o
 .text.TIMER0_GetTimerCounterValue
                0x00000000        0x4 MCAL/TIMERS/TIMER0/TIMER0_Program.o
 .text.TIMER0_STOP_COUNTING
                0x00000000        0xc MCAL/TIMERS/TIMER0/TIMER0_Program.o
 .text          0x00000000        0x0 MCAL/TIMERS/TIMER1/TIMER1_Program.o
 .data          0x00000000        0x0 MCAL/TIMERS/TIMER1/TIMER1_Program.o
 .bss           0x00000000        0x0 MCAL/TIMERS/TIMER1/TIMER1_Program.o
 .debug_info    0x00000000       0x72 MCAL/TIMERS/TIMER1/TIMER1_Program.o
 .debug_abbrev  0x00000000       0x26 MCAL/TIMERS/TIMER1/TIMER1_Program.o
 .debug_aranges
                0x00000000       0x18 MCAL/TIMERS/TIMER1/TIMER1_Program.o
 .debug_line    0x00000000       0x1a MCAL/TIMERS/TIMER1/TIMER1_Program.o
 .debug_str     0x00000000      0x1ef MCAL/TIMERS/TIMER1/TIMER1_Program.o
 .comment       0x00000000       0x31 MCAL/TIMERS/TIMER1/TIMER1_Program.o
 .text          0x00000000        0x0 MCAL/TIMERS/TIMER2/TIMER2_Program.o
 .data          0x00000000        0x0 MCAL/TIMERS/TIMER2/TIMER2_Program.o
 .bss           0x00000000        0x0 MCAL/TIMERS/TIMER2/TIMER2_Program.o
 .text.TIMER2_SET_PRELOAD
                0x00000000        0x4 MCAL/TIMERS/TIMER2/TIMER2_Program.o
 .text.TIMER2_SET_CTC
                0x00000000        0x4 MCAL/TIMERS/TIMER2/TIMER2_Program.o
 .text.TIMER2_GetTimerCounterValue
                0x00000000        0x4 MCAL/TIMERS/TIMER2/TIMER2_Program.o
 .text.TIMER2_STOP_COUNTING
                0x00000000        0xc MCAL/TIMERS/TIMER2/TIMER2_Program.o
 .text          0x00000000        0x0 MCUAL/BUTTONs/BUTTON_Program.o
 .data          0x00000000        0x0 MCUAL/BUTTONs/BUTTON_Program.o
 .bss           0x00000000        0x0 MCUAL/BUTTONs/BUTTON_Program.o
 .text.BUTTON_INIT
                0x00000000       0x46 MCUAL/BUTTONs/BUTTON_Program.o
 .text.BUTTON_READ
                0x00000000       0x3e MCUAL/BUTTONs/BUTTON_Program.o
 .debug_info    0x00000000      0x32b MCUAL/BUTTONs/BUTTON_Program.o
 .debug_abbrev  0x00000000      0x160 MCUAL/BUTTONs/BUTTON_Program.o
 .debug_loc     0x00000000      0x202 MCUAL/BUTTONs/BUTTON_Program.o
 .debug_aranges
                0x00000000       0x28 MCUAL/BUTTONs/BUTTON_Program.o
 .debug_ranges  0x00000000       0x18 MCUAL/BUTTONs/BUTTON_Program.o
 .debug_line    0x00000000      0x238 MCUAL/BUTTONs/BUTTON_Program.o
 .debug_str     0x00000000      0x3ec MCUAL/BUTTONs/BUTTON_Program.o
 .comment       0x00000000       0x31 MCUAL/BUTTONs/BUTTON_Program.o
 .debug_frame   0x00000000       0x4c MCUAL/BUTTONs/BUTTON_Program.o
 .text          0x00000000        0x0 MCUAL/BUZZER/BUZZER_Program.o
 .data          0x00000000        0x0 MCUAL/BUZZER/BUZZER_Program.o
 .bss           0x00000000        0x0 MCUAL/BUZZER/BUZZER_Program.o
 .text.BUZZER_INIT
                0x00000000        0xe MCUAL/BUZZER/BUZZER_Program.o
 .text.BUZZER_ON
                0x00000000        0xe MCUAL/BUZZER/BUZZER_Program.o
 .text.BUZZER_OFF
                0x00000000        0xe MCUAL/BUZZER/BUZZER_Program.o
 .debug_info    0x00000000      0x228 MCUAL/BUZZER/BUZZER_Program.o
 .debug_abbrev  0x00000000       0xcf MCUAL/BUZZER/BUZZER_Program.o
 .debug_loc     0x00000000       0xa2 MCUAL/BUZZER/BUZZER_Program.o
 .debug_aranges
                0x00000000       0x30 MCUAL/BUZZER/BUZZER_Program.o
 .debug_ranges  0x00000000       0x20 MCUAL/BUZZER/BUZZER_Program.o
 .debug_line    0x00000000       0xd3 MCUAL/BUZZER/BUZZER_Program.o
 .debug_str     0x00000000      0x31b MCUAL/BUZZER/BUZZER_Program.o
 .comment       0x00000000       0x31 MCUAL/BUZZER/BUZZER_Program.o
 .debug_frame   0x00000000       0x44 MCUAL/BUZZER/BUZZER_Program.o
 .text          0x00000000        0x0 MCUAL/IR SENSOR/IR_Program.o
 .data          0x00000000        0x0 MCUAL/IR SENSOR/IR_Program.o
 .bss           0x00000000        0x0 MCUAL/IR SENSOR/IR_Program.o
 .text          0x00000000        0x0 MCUAL/KEYPAD/KEYPAD_Program.o
 .data          0x00000000        0x0 MCUAL/KEYPAD/KEYPAD_Program.o
 .bss           0x00000000        0x0 MCUAL/KEYPAD/KEYPAD_Program.o
 .text.KEYPAD_INIT
                0x00000000       0x9a MCUAL/KEYPAD/KEYPAD_Program.o
 .rodata        0x00000000       0x10 MCUAL/KEYPAD/KEYPAD_Program.o
 .text.KEYPAD_GET_PRESSED_KEY
                0x00000000      0x106 MCUAL/KEYPAD/KEYPAD_Program.o
 .debug_info    0x00000000      0x441 MCUAL/KEYPAD/KEYPAD_Program.o
 .debug_abbrev  0x00000000       0xed MCUAL/KEYPAD/KEYPAD_Program.o
 .debug_loc     0x00000000      0x171 MCUAL/KEYPAD/KEYPAD_Program.o
 .debug_aranges
                0x00000000       0x28 MCUAL/KEYPAD/KEYPAD_Program.o
 .debug_ranges  0x00000000       0x18 MCUAL/KEYPAD/KEYPAD_Program.o
 .debug_line    0x00000000      0x19e MCUAL/KEYPAD/KEYPAD_Program.o
 .debug_str     0x00000000      0x363 MCUAL/KEYPAD/KEYPAD_Program.o
 .comment       0x00000000       0x31 MCUAL/KEYPAD/KEYPAD_Program.o
 .debug_frame   0x00000000       0x74 MCUAL/KEYPAD/KEYPAD_Program.o
 .text          0x00000000        0x0 MCUAL/LCD/LCD_Program.o
 .data          0x00000000        0x0 MCUAL/LCD/LCD_Program.o
 .bss           0x00000000        0x0 MCUAL/LCD/LCD_Program.o
 .text.LCD_CLEAR_SCREEN
                0x00000000        0x8 MCUAL/LCD/LCD_Program.o
 .text.LCD_WRITE_CUSTOM_CHAR
                0x00000000       0x54 MCUAL/LCD/LCD_Program.o
 .text.reverse  0x00000000       0x2e MCUAL/LCD/LCD_Program.o
 .text.intToStr
                0x00000000       0x5e MCUAL/LCD/LCD_Program.o
 .text.ftoa     0x00000000       0xc4 MCUAL/LCD/LCD_Program.o
 .text.LCD_WRITE_FLOAT
                0x00000000       0x3c MCUAL/LCD/LCD_Program.o
 .text          0x00000000        0x0 MCUAL/LEDs/LED_Program.o
 .data          0x00000000        0x0 MCUAL/LEDs/LED_Program.o
 .bss           0x00000000        0x0 MCUAL/LEDs/LED_Program.o
 .text.LED_TGL  0x00000000       0x16 MCUAL/LEDs/LED_Program.o
 .text          0x00000000        0x0 MCUAL/MOTORS/SERVO_MOTOR/SERVO_Program.o
 .data          0x00000000        0x0 MCUAL/MOTORS/SERVO_MOTOR/SERVO_Program.o
 .bss           0x00000000        0x0 MCUAL/MOTORS/SERVO_MOTOR/SERVO_Program.o
 .text          0x00000000        0x0 MCUAL/MOTORS/STEPPER_MOTOR/STEPPER_Program.o
 .data          0x00000000        0x0 MCUAL/MOTORS/STEPPER_MOTOR/STEPPER_Program.o
 .bss           0x00000000        0x0 MCUAL/MOTORS/STEPPER_MOTOR/STEPPER_Program.o
 .text.STEPPER_INIT
                0x00000000       0x56 MCUAL/MOTORS/STEPPER_MOTOR/STEPPER_Program.o
 .text.STEPPER_ROTATE
                0x00000000      0x28e MCUAL/MOTORS/STEPPER_MOTOR/STEPPER_Program.o
 .text.STEPPER_BRAKE
                0x00000000       0x4e MCUAL/MOTORS/STEPPER_MOTOR/STEPPER_Program.o
 .rodata.HalfStep_Arr
                0x00000000        0x8 MCUAL/MOTORS/STEPPER_MOTOR/STEPPER_Program.o
 .rodata.FullStep_Arr
                0x00000000        0x4 MCUAL/MOTORS/STEPPER_MOTOR/STEPPER_Program.o
 .debug_info    0x00000000      0x531 MCUAL/MOTORS/STEPPER_MOTOR/STEPPER_Program.o
 .debug_abbrev  0x00000000      0x1b0 MCUAL/MOTORS/STEPPER_MOTOR/STEPPER_Program.o
 .debug_loc     0x00000000      0x596 MCUAL/MOTORS/STEPPER_MOTOR/STEPPER_Program.o
 .debug_aranges
                0x00000000       0x30 MCUAL/MOTORS/STEPPER_MOTOR/STEPPER_Program.o
 .debug_ranges  0x00000000       0x20 MCUAL/MOTORS/STEPPER_MOTOR/STEPPER_Program.o
 .debug_line    0x00000000      0x3cb MCUAL/MOTORS/STEPPER_MOTOR/STEPPER_Program.o
 .debug_str     0x00000000      0x45d MCUAL/MOTORS/STEPPER_MOTOR/STEPPER_Program.o
 .comment       0x00000000       0x31 MCUAL/MOTORS/STEPPER_MOTOR/STEPPER_Program.o
 .debug_frame   0x00000000       0xa8 MCUAL/MOTORS/STEPPER_MOTOR/STEPPER_Program.o
 .text          0x00000000        0x0 MCUAL/RELAY/RELAY_Program.o
 .data          0x00000000        0x0 MCUAL/RELAY/RELAY_Program.o
 .bss           0x00000000        0x0 MCUAL/RELAY/RELAY_Program.o
 .text.RELAY_INIT
                0x00000000        0xe MCUAL/RELAY/RELAY_Program.o
 .text.RELAY_ON
                0x00000000        0xe MCUAL/RELAY/RELAY_Program.o
 .text.RELAY_OFF
                0x00000000        0xe MCUAL/RELAY/RELAY_Program.o
 .debug_info    0x00000000      0x228 MCUAL/RELAY/RELAY_Program.o
 .debug_abbrev  0x00000000       0xcf MCUAL/RELAY/RELAY_Program.o
 .debug_loc     0x00000000       0xa2 MCUAL/RELAY/RELAY_Program.o
 .debug_aranges
                0x00000000       0x30 MCUAL/RELAY/RELAY_Program.o
 .debug_ranges  0x00000000       0x20 MCUAL/RELAY/RELAY_Program.o
 .debug_line    0x00000000       0xd0 MCUAL/RELAY/RELAY_Program.o
 .debug_str     0x00000000      0x312 MCUAL/RELAY/RELAY_Program.o
 .comment       0x00000000       0x31 MCUAL/RELAY/RELAY_Program.o
 .debug_frame   0x00000000       0x44 MCUAL/RELAY/RELAY_Program.o
 .text          0x00000000        0x0 MCUAL/SEVEN_SEGMENT/SEVEN_SEGMENT_Program.o
 .data          0x00000000        0x0 MCUAL/SEVEN_SEGMENT/SEVEN_SEGMENT_Program.o
 .bss           0x00000000        0x0 MCUAL/SEVEN_SEGMENT/SEVEN_SEGMENT_Program.o
 .text.SEVEN_SEGMENT_INIT
                0x00000000        0x8 MCUAL/SEVEN_SEGMENT/SEVEN_SEGMENT_Program.o
 .rodata        0x00000000        0xa MCUAL/SEVEN_SEGMENT/SEVEN_SEGMENT_Program.o
 .text.SEVEN_SEGMENT_DISPLAY_NUMBER
                0x00000000       0x4a MCUAL/SEVEN_SEGMENT/SEVEN_SEGMENT_Program.o
 .text.SEVEN_SEGMENT_DISPLAY_CHAR
                0x00000000        0x6 MCUAL/SEVEN_SEGMENT/SEVEN_SEGMENT_Program.o
 .text.SEVEN_SEGMENT_STOP
                0x00000000        0x8 MCUAL/SEVEN_SEGMENT/SEVEN_SEGMENT_Program.o
 .debug_info    0x00000000      0x263 MCUAL/SEVEN_SEGMENT/SEVEN_SEGMENT_Program.o
 .debug_abbrev  0x00000000       0xde MCUAL/SEVEN_SEGMENT/SEVEN_SEGMENT_Program.o
 .debug_loc     0x00000000      0x10d MCUAL/SEVEN_SEGMENT/SEVEN_SEGMENT_Program.o
 .debug_aranges
                0x00000000       0x38 MCUAL/SEVEN_SEGMENT/SEVEN_SEGMENT_Program.o
 .debug_ranges  0x00000000       0x28 MCUAL/SEVEN_SEGMENT/SEVEN_SEGMENT_Program.o
 .debug_line    0x00000000      0x106 MCUAL/SEVEN_SEGMENT/SEVEN_SEGMENT_Program.o
 .debug_str     0x00000000      0x329 MCUAL/SEVEN_SEGMENT/SEVEN_SEGMENT_Program.o
 .comment       0x00000000       0x31 MCUAL/SEVEN_SEGMENT/SEVEN_SEGMENT_Program.o
 .debug_frame   0x00000000       0x64 MCUAL/SEVEN_SEGMENT/SEVEN_SEGMENT_Program.o
 .text          0x00000000        0x0 MCUAL/SEVEN_SEGMENT_AMIT_KIT/SEVEN_SEGMENT_KIT_Program.o
 .data          0x00000000        0x0 MCUAL/SEVEN_SEGMENT_AMIT_KIT/SEVEN_SEGMENT_KIT_Program.o
 .bss           0x00000000        0x0 MCUAL/SEVEN_SEGMENT_AMIT_KIT/SEVEN_SEGMENT_KIT_Program.o
 .text.SEVEN_SEGMENT_KIT_INIT
                0x00000000       0x48 MCUAL/SEVEN_SEGMENT_AMIT_KIT/SEVEN_SEGMENT_KIT_Program.o
 .text.SEVEN_SEGMENT_KIT_EN1_ONLY
                0x00000000       0x16 MCUAL/SEVEN_SEGMENT_AMIT_KIT/SEVEN_SEGMENT_KIT_Program.o
 .text.SEVEN_SEGMENT_KIT_EN2_ONLY
                0x00000000       0x16 MCUAL/SEVEN_SEGMENT_AMIT_KIT/SEVEN_SEGMENT_KIT_Program.o
 .text.SEVEN_SEGMENT_KIT_ENABLE_ALL
                0x00000000       0x16 MCUAL/SEVEN_SEGMENT_AMIT_KIT/SEVEN_SEGMENT_KIT_Program.o
 .text.SEVEN_SEGMENT_KIT_DISABLE_ALL
                0x00000000       0x16 MCUAL/SEVEN_SEGMENT_AMIT_KIT/SEVEN_SEGMENT_KIT_Program.o
 .text.SEVEN_SEGMENT_KIT_DISPLAY
                0x00000000       0x76 MCUAL/SEVEN_SEGMENT_AMIT_KIT/SEVEN_SEGMENT_KIT_Program.o
 .debug_info    0x00000000      0x387 MCUAL/SEVEN_SEGMENT_AMIT_KIT/SEVEN_SEGMENT_KIT_Program.o
 .debug_abbrev  0x00000000       0xb0 MCUAL/SEVEN_SEGMENT_AMIT_KIT/SEVEN_SEGMENT_KIT_Program.o
 .debug_loc     0x00000000       0x21 MCUAL/SEVEN_SEGMENT_AMIT_KIT/SEVEN_SEGMENT_KIT_Program.o
 .debug_aranges
                0x00000000       0x48 MCUAL/SEVEN_SEGMENT_AMIT_KIT/SEVEN_SEGMENT_KIT_Program.o
 .debug_ranges  0x00000000       0x38 MCUAL/SEVEN_SEGMENT_AMIT_KIT/SEVEN_SEGMENT_KIT_Program.o
 .debug_line    0x00000000      0x181 MCUAL/SEVEN_SEGMENT_AMIT_KIT/SEVEN_SEGMENT_KIT_Program.o
 .debug_str     0x00000000      0x37a MCUAL/SEVEN_SEGMENT_AMIT_KIT/SEVEN_SEGMENT_KIT_Program.o
 .comment       0x00000000       0x31 MCUAL/SEVEN_SEGMENT_AMIT_KIT/SEVEN_SEGMENT_KIT_Program.o
 .debug_frame   0x00000000       0x74 MCUAL/SEVEN_SEGMENT_AMIT_KIT/SEVEN_SEGMENT_KIT_Program.o
 .text          0x00000000        0x0 MCUAL/ULTRASONIC/ULTRASONIC_Program.o
 .data          0x00000000        0x0 MCUAL/ULTRASONIC/ULTRASONIC_Program.o
 .bss           0x00000000        0x0 MCUAL/ULTRASONIC/ULTRASONIC_Program.o
 .text.ULTRASONIC_INIT
                0x00000000        0xe MCUAL/ULTRASONIC/ULTRASONIC_Program.o
 .text.ULTRASONIC_START_MEASURE
                0x00000000       0xa4 MCUAL/ULTRASONIC/ULTRASONIC_Program.o
 .debug_info    0x00000000      0x2e7 MCUAL/ULTRASONIC/ULTRASONIC_Program.o
 .debug_abbrev  0x00000000      0x182 MCUAL/ULTRASONIC/ULTRASONIC_Program.o
 .debug_loc     0x00000000       0xe1 MCUAL/ULTRASONIC/ULTRASONIC_Program.o
 .debug_aranges
                0x00000000       0x28 MCUAL/ULTRASONIC/ULTRASONIC_Program.o
 .debug_ranges  0x00000000       0x18 MCUAL/ULTRASONIC/ULTRASONIC_Program.o
 .debug_line    0x00000000      0x222 MCUAL/ULTRASONIC/ULTRASONIC_Program.o
 .debug_str     0x00000000      0x3a8 MCUAL/ULTRASONIC/ULTRASONIC_Program.o
 .comment       0x00000000       0x31 MCUAL/ULTRASONIC/ULTRASONIC_Program.o
 .debug_frame   0x00000000       0x40 MCUAL/ULTRASONIC/ULTRASONIC_Program.o
 COMMON         0x00000000        0x8 MCUAL/ULTRASONIC/ULTRASONIC_Program.o
 .text          0x00000000        0x0 c:/program files (x86)/atmel/studio/7.0/toolchain/avr8/avr8-gnu-toolchain/bin/../lib/gcc/avr/5.4.0/../../../../avr/lib/avr5\libm.a(addsf3.o)
 .data          0x00000000        0x0 c:/program files (x86)/atmel/studio/7.0/toolchain/avr8/avr8-gnu-toolchain/bin/../lib/gcc/avr/5.4.0/../../../../avr/lib/avr5\libm.a(addsf3.o)
 .bss           0x00000000        0x0 c:/program files (x86)/atmel/studio/7.0/toolchain/avr8/avr8-gnu-toolchain/bin/../lib/gcc/avr/5.4.0/../../../../avr/lib/avr5\libm.a(addsf3.o)
 .text.avr-libc.fplib
                0x00000000        0xe c:/program files (x86)/atmel/studio/7.0/toolchain/avr8/avr8-gnu-toolchain/bin/../lib/gcc/avr/5.4.0/../../../../avr/lib/avr5\libm.a(addsf3.o)
 .text          0x00000000        0x0 c:/program files (x86)/atmel/studio/7.0/toolchain/avr8/avr8-gnu-toolchain/bin/../lib/gcc/avr/5.4.0/../../../../avr/lib/avr5\libm.a(addsf3x.o)
 .data          0x00000000        0x0 c:/program files (x86)/atmel/studio/7.0/toolchain/avr8/avr8-gnu-toolchain/bin/../lib/gcc/avr/5.4.0/../../../../avr/lib/avr5\libm.a(addsf3x.o)
 .bss           0x00000000        0x0 c:/program files (x86)/atmel/studio/7.0/toolchain/avr8/avr8-gnu-toolchain/bin/../lib/gcc/avr/5.4.0/../../../../avr/lib/avr5\libm.a(addsf3x.o)
 .text.avr-libc.fplib
                0x00000000       0xcc c:/program files (x86)/atmel/studio/7.0/toolchain/avr8/avr8-gnu-toolchain/bin/../lib/gcc/avr/5.4.0/../../../../avr/lib/avr5\libm.a(addsf3x.o)
 .text          0x00000000        0x0 c:/program files (x86)/atmel/studio/7.0/toolchain/avr8/avr8-gnu-toolchain/bin/../lib/gcc/avr/5.4.0/../../../../avr/lib/avr5\libm.a(fixsfsi.o)
 .data          0x00000000        0x0 c:/program files (x86)/atmel/studio/7.0/toolchain/avr8/avr8-gnu-toolchain/bin/../lib/gcc/avr/5.4.0/../../../../avr/lib/avr5\libm.a(fixsfsi.o)
 .bss           0x00000000        0x0 c:/program files (x86)/atmel/studio/7.0/toolchain/avr8/avr8-gnu-toolchain/bin/../lib/gcc/avr/5.4.0/../../../../avr/lib/avr5\libm.a(fixsfsi.o)
 .text.avr-libc.fplib
                0x00000000        0xe c:/program files (x86)/atmel/studio/7.0/toolchain/avr8/avr8-gnu-toolchain/bin/../lib/gcc/avr/5.4.0/../../../../avr/lib/avr5\libm.a(fixsfsi.o)
 .text          0x00000000        0x0 c:/program files (x86)/atmel/studio/7.0/toolchain/avr8/avr8-gnu-toolchain/bin/../lib/gcc/avr/5.4.0/../../../../avr/lib/avr5\libm.a(fixunssfsi.o)
 .data          0x00000000        0x0 c:/program files (x86)/atmel/studio/7.0/toolchain/avr8/avr8-gnu-toolchain/bin/../lib/gcc/avr/5.4.0/../../../../avr/lib/avr5\libm.a(fixunssfsi.o)
 .bss           0x00000000        0x0 c:/program files (x86)/atmel/studio/7.0/toolchain/avr8/avr8-gnu-toolchain/bin/../lib/gcc/avr/5.4.0/../../../../avr/lib/avr5\libm.a(fixunssfsi.o)
 .text.avr-libc.fplib
                0x00000000       0x5e c:/program files (x86)/atmel/studio/7.0/toolchain/avr8/avr8-gnu-toolchain/bin/../lib/gcc/avr/5.4.0/../../../../avr/lib/avr5\libm.a(fixunssfsi.o)
 .text          0x00000000        0x0 c:/program files (x86)/atmel/studio/7.0/toolchain/avr8/avr8-gnu-toolchain/bin/../lib/gcc/avr/5.4.0/../../../../avr/lib/avr5\libm.a(floatsisf.o)
 .data          0x00000000        0x0 c:/program files (x86)/atmel/studio/7.0/toolchain/avr8/avr8-gnu-toolchain/bin/../lib/gcc/avr/5.4.0/../../../../avr/lib/avr5\libm.a(floatsisf.o)
 .bss           0x00000000        0x0 c:/program files (x86)/atmel/studio/7.0/toolchain/avr8/avr8-gnu-toolchain/bin/../lib/gcc/avr/5.4.0/../../../../avr/lib/avr5\libm.a(floatsisf.o)
 .text.avr-libc.fplib
                0x00000000       0x7a c:/program files (x86)/atmel/studio/7.0/toolchain/avr8/avr8-gnu-toolchain/bin/../lib/gcc/avr/5.4.0/../../../../avr/lib/avr5\libm.a(floatsisf.o)
 .text          0x00000000        0x0 c:/program files (x86)/atmel/studio/7.0/toolchain/avr8/avr8-gnu-toolchain/bin/../lib/gcc/avr/5.4.0/../../../../avr/lib/avr5\libm.a(fp_inf.o)
 .data          0x00000000        0x0 c:/program files (x86)/atmel/studio/7.0/toolchain/avr8/avr8-gnu-toolchain/bin/../lib/gcc/avr/5.4.0/../../../../avr/lib/avr5\libm.a(fp_inf.o)
 .bss           0x00000000        0x0 c:/program files (x86)/atmel/studio/7.0/toolchain/avr8/avr8-gnu-toolchain/bin/../lib/gcc/avr/5.4.0/../../../../avr/lib/avr5\libm.a(fp_inf.o)
 .text.avr-libc.fplib
                0x00000000        0xc c:/program files (x86)/atmel/studio/7.0/toolchain/avr8/avr8-gnu-toolchain/bin/../lib/gcc/avr/5.4.0/../../../../avr/lib/avr5\libm.a(fp_inf.o)
 .text          0x00000000        0x0 c:/program files (x86)/atmel/studio/7.0/toolchain/avr8/avr8-gnu-toolchain/bin/../lib/gcc/avr/5.4.0/../../../../avr/lib/avr5\libm.a(fp_nan.o)
 .data          0x00000000        0x0 c:/program files (x86)/atmel/studio/7.0/toolchain/avr8/avr8-gnu-toolchain/bin/../lib/gcc/avr/5.4.0/../../../../avr/lib/avr5\libm.a(fp_nan.o)
 .bss           0x00000000        0x0 c:/program files (x86)/atmel/studio/7.0/toolchain/avr8/avr8-gnu-toolchain/bin/../lib/gcc/avr/5.4.0/../../../../avr/lib/avr5\libm.a(fp_nan.o)
 .text.avr-libc.fplib
                0x00000000        0x6 c:/program files (x86)/atmel/studio/7.0/toolchain/avr8/avr8-gnu-toolchain/bin/../lib/gcc/avr/5.4.0/../../../../avr/lib/avr5\libm.a(fp_nan.o)
 .text          0x00000000        0x0 c:/program files (x86)/atmel/studio/7.0/toolchain/avr8/avr8-gnu-toolchain/bin/../lib/gcc/avr/5.4.0/../../../../avr/lib/avr5\libm.a(fp_pscA.o)
 .data          0x00000000        0x0 c:/program files (x86)/atmel/studio/7.0/toolchain/avr8/avr8-gnu-toolchain/bin/../lib/gcc/avr/5.4.0/../../../../avr/lib/avr5\libm.a(fp_pscA.o)
 .bss           0x00000000        0x0 c:/program files (x86)/atmel/studio/7.0/toolchain/avr8/avr8-gnu-toolchain/bin/../lib/gcc/avr/5.4.0/../../../../avr/lib/avr5\libm.a(fp_pscA.o)
 .text.avr-libc.fplib
                0x00000000        0xe c:/program files (x86)/atmel/studio/7.0/toolchain/avr8/avr8-gnu-toolchain/bin/../lib/gcc/avr/5.4.0/../../../../avr/lib/avr5\libm.a(fp_pscA.o)
 .text          0x00000000        0x0 c:/program files (x86)/atmel/studio/7.0/toolchain/avr8/avr8-gnu-toolchain/bin/../lib/gcc/avr/5.4.0/../../../../avr/lib/avr5\libm.a(fp_pscB.o)
 .data          0x00000000        0x0 c:/program files (x86)/atmel/studio/7.0/toolchain/avr8/avr8-gnu-toolchain/bin/../lib/gcc/avr/5.4.0/../../../../avr/lib/avr5\libm.a(fp_pscB.o)
 .bss           0x00000000        0x0 c:/program files (x86)/atmel/studio/7.0/toolchain/avr8/avr8-gnu-toolchain/bin/../lib/gcc/avr/5.4.0/../../../../avr/lib/avr5\libm.a(fp_pscB.o)
 .text.avr-libc.fplib
                0x00000000        0xe c:/program files (x86)/atmel/studio/7.0/toolchain/avr8/avr8-gnu-toolchain/bin/../lib/gcc/avr/5.4.0/../../../../avr/lib/avr5\libm.a(fp_pscB.o)
 .text          0x00000000        0x0 c:/program files (x86)/atmel/studio/7.0/toolchain/avr8/avr8-gnu-toolchain/bin/../lib/gcc/avr/5.4.0/../../../../avr/lib/avr5\libm.a(fp_round.o)
 .data          0x00000000        0x0 c:/program files (x86)/atmel/studio/7.0/toolchain/avr8/avr8-gnu-toolchain/bin/../lib/gcc/avr/5.4.0/../../../../avr/lib/avr5\libm.a(fp_round.o)
 .bss           0x00000000        0x0 c:/program files (x86)/atmel/studio/7.0/toolchain/avr8/avr8-gnu-toolchain/bin/../lib/gcc/avr/5.4.0/../../../../avr/lib/avr5\libm.a(fp_round.o)
 .text.avr-libc.fplib
                0x00000000       0x22 c:/program files (x86)/atmel/studio/7.0/toolchain/avr8/avr8-gnu-toolchain/bin/../lib/gcc/avr/5.4.0/../../../../avr/lib/avr5\libm.a(fp_round.o)
 .text          0x00000000        0x0 c:/program files (x86)/atmel/studio/7.0/toolchain/avr8/avr8-gnu-toolchain/bin/../lib/gcc/avr/5.4.0/../../../../avr/lib/avr5\libm.a(fp_split3.o)
 .data          0x00000000        0x0 c:/program files (x86)/atmel/studio/7.0/toolchain/avr8/avr8-gnu-toolchain/bin/../lib/gcc/avr/5.4.0/../../../../avr/lib/avr5\libm.a(fp_split3.o)
 .bss           0x00000000        0x0 c:/program files (x86)/atmel/studio/7.0/toolchain/avr8/avr8-gnu-toolchain/bin/../lib/gcc/avr/5.4.0/../../../../avr/lib/avr5\libm.a(fp_split3.o)
 .text.avr-libc.fplib
                0x00000000       0x44 c:/program files (x86)/atmel/studio/7.0/toolchain/avr8/avr8-gnu-toolchain/bin/../lib/gcc/avr/5.4.0/../../../../avr/lib/avr5\libm.a(fp_split3.o)
 .text          0x00000000        0x0 c:/program files (x86)/atmel/studio/7.0/toolchain/avr8/avr8-gnu-toolchain/bin/../lib/gcc/avr/5.4.0/../../../../avr/lib/avr5\libm.a(fp_zero.o)
 .data          0x00000000        0x0 c:/program files (x86)/atmel/studio/7.0/toolchain/avr8/avr8-gnu-toolchain/bin/../lib/gcc/avr/5.4.0/../../../../avr/lib/avr5\libm.a(fp_zero.o)
 .bss           0x00000000        0x0 c:/program files (x86)/atmel/studio/7.0/toolchain/avr8/avr8-gnu-toolchain/bin/../lib/gcc/avr/5.4.0/../../../../avr/lib/avr5\libm.a(fp_zero.o)
 .text.avr-libc.fplib
                0x00000000        0xe c:/program files (x86)/atmel/studio/7.0/toolchain/avr8/avr8-gnu-toolchain/bin/../lib/gcc/avr/5.4.0/../../../../avr/lib/avr5\libm.a(fp_zero.o)
 .text          0x00000000        0x0 c:/program files (x86)/atmel/studio/7.0/toolchain/avr8/avr8-gnu-toolchain/bin/../lib/gcc/avr/5.4.0/../../../../avr/lib/avr5\libm.a(mulsf3.o)
 .data          0x00000000        0x0 c:/program files (x86)/atmel/studio/7.0/toolchain/avr8/avr8-gnu-toolchain/bin/../lib/gcc/avr/5.4.0/../../../../avr/lib/avr5\libm.a(mulsf3.o)
 .bss           0x00000000        0x0 c:/program files (x86)/atmel/studio/7.0/toolchain/avr8/avr8-gnu-toolchain/bin/../lib/gcc/avr/5.4.0/../../../../avr/lib/avr5\libm.a(mulsf3.o)
 .text.avr-libc.fplib
                0x00000000        0x8 c:/program files (x86)/atmel/studio/7.0/toolchain/avr8/avr8-gnu-toolchain/bin/../lib/gcc/avr/5.4.0/../../../../avr/lib/avr5\libm.a(mulsf3.o)
 .text          0x00000000        0x0 c:/program files (x86)/atmel/studio/7.0/toolchain/avr8/avr8-gnu-toolchain/bin/../lib/gcc/avr/5.4.0/../../../../avr/lib/avr5\libm.a(mulsf3x.o)
 .data          0x00000000        0x0 c:/program files (x86)/atmel/studio/7.0/toolchain/avr8/avr8-gnu-toolchain/bin/../lib/gcc/avr/5.4.0/../../../../avr/lib/avr5\libm.a(mulsf3x.o)
 .bss           0x00000000        0x0 c:/program files (x86)/atmel/studio/7.0/toolchain/avr8/avr8-gnu-toolchain/bin/../lib/gcc/avr/5.4.0/../../../../avr/lib/avr5\libm.a(mulsf3x.o)
 .text.avr-libc.fplib
                0x00000000       0xd2 c:/program files (x86)/atmel/studio/7.0/toolchain/avr8/avr8-gnu-toolchain/bin/../lib/gcc/avr/5.4.0/../../../../avr/lib/avr5\libm.a(mulsf3x.o)
 .text          0x00000000        0x0 c:/program files (x86)/atmel/studio/7.0/toolchain/avr8/avr8-gnu-toolchain/bin/../lib/gcc/avr/5.4.0/../../../../avr/lib/avr5\libm.a(pow.o)
 .data          0x00000000        0x0 c:/program files (x86)/atmel/studio/7.0/toolchain/avr8/avr8-gnu-toolchain/bin/../lib/gcc/avr/5.4.0/../../../../avr/lib/avr5\libm.a(pow.o)
 .bss           0x00000000        0x0 c:/program files (x86)/atmel/studio/7.0/toolchain/avr8/avr8-gnu-toolchain/bin/../lib/gcc/avr/5.4.0/../../../../avr/lib/avr5\libm.a(pow.o)
 .text.avr-libc.fplib
                0x00000000       0xa0 c:/program files (x86)/atmel/studio/7.0/toolchain/avr8/avr8-gnu-toolchain/bin/../lib/gcc/avr/5.4.0/../../../../avr/lib/avr5\libm.a(pow.o)
 .text          0x00000000        0x0 c:/program files (x86)/atmel/studio/7.0/toolchain/avr8/avr8-gnu-toolchain/bin/../lib/gcc/avr/5.4.0/../../../../avr/lib/avr5\libm.a(exp.o)
 .data          0x00000000        0x0 c:/program files (x86)/atmel/studio/7.0/toolchain/avr8/avr8-gnu-toolchain/bin/../lib/gcc/avr/5.4.0/../../../../avr/lib/avr5\libm.a(exp.o)
 .bss           0x00000000        0x0 c:/program files (x86)/atmel/studio/7.0/toolchain/avr8/avr8-gnu-toolchain/bin/../lib/gcc/avr/5.4.0/../../../../avr/lib/avr5\libm.a(exp.o)
 .text.avr-libc.fplib
                0x00000000       0x74 c:/program files (x86)/atmel/studio/7.0/toolchain/avr8/avr8-gnu-toolchain/bin/../lib/gcc/avr/5.4.0/../../../../avr/lib/avr5\libm.a(exp.o)
 .progmem.gcc_fplib
                0x00000000       0x28 c:/program files (x86)/atmel/studio/7.0/toolchain/avr8/avr8-gnu-toolchain/bin/../lib/gcc/avr/5.4.0/../../../../avr/lib/avr5\libm.a(exp.o)
 .text          0x00000000        0x0 c:/program files (x86)/atmel/studio/7.0/toolchain/avr8/avr8-gnu-toolchain/bin/../lib/gcc/avr/5.4.0/../../../../avr/lib/avr5\libm.a(fp_powser.o)
 .data          0x00000000        0x0 c:/program files (x86)/atmel/studio/7.0/toolchain/avr8/avr8-gnu-toolchain/bin/../lib/gcc/avr/5.4.0/../../../../avr/lib/avr5\libm.a(fp_powser.o)
 .bss           0x00000000        0x0 c:/program files (x86)/atmel/studio/7.0/toolchain/avr8/avr8-gnu-toolchain/bin/../lib/gcc/avr/5.4.0/../../../../avr/lib/avr5\libm.a(fp_powser.o)
 .text.avr-libc.fplib
                0x00000000       0x4e c:/program files (x86)/atmel/studio/7.0/toolchain/avr8/avr8-gnu-toolchain/bin/../lib/gcc/avr/5.4.0/../../../../avr/lib/avr5\libm.a(fp_powser.o)
 .text          0x00000000        0x0 c:/program files (x86)/atmel/studio/7.0/toolchain/avr8/avr8-gnu-toolchain/bin/../lib/gcc/avr/5.4.0/../../../../avr/lib/avr5\libm.a(inverse.o)
 .data          0x00000000        0x0 c:/program files (x86)/atmel/studio/7.0/toolchain/avr8/avr8-gnu-toolchain/bin/../lib/gcc/avr/5.4.0/../../../../avr/lib/avr5\libm.a(inverse.o)
 .bss           0x00000000        0x0 c:/program files (x86)/atmel/studio/7.0/toolchain/avr8/avr8-gnu-toolchain/bin/../lib/gcc/avr/5.4.0/../../../../avr/lib/avr5\libm.a(inverse.o)
 .text.avr-libc.fplib
                0x00000000       0x10 c:/program files (x86)/atmel/studio/7.0/toolchain/avr8/avr8-gnu-toolchain/bin/../lib/gcc/avr/5.4.0/../../../../avr/lib/avr5\libm.a(inverse.o)
 .text          0x00000000        0x0 c:/program files (x86)/atmel/studio/7.0/toolchain/avr8/avr8-gnu-toolchain/bin/../lib/gcc/avr/5.4.0/../../../../avr/lib/avr5\libm.a(ldexp.o)
 .data          0x00000000        0x0 c:/program files (x86)/atmel/studio/7.0/toolchain/avr8/avr8-gnu-toolchain/bin/../lib/gcc/avr/5.4.0/../../../../avr/lib/avr5\libm.a(ldexp.o)
 .bss           0x00000000        0x0 c:/program files (x86)/atmel/studio/7.0/toolchain/avr8/avr8-gnu-toolchain/bin/../lib/gcc/avr/5.4.0/../../../../avr/lib/avr5\libm.a(ldexp.o)
 .text.avr-libc.fplib
                0x00000000       0x74 c:/program files (x86)/atmel/studio/7.0/toolchain/avr8/avr8-gnu-toolchain/bin/../lib/gcc/avr/5.4.0/../../../../avr/lib/avr5\libm.a(ldexp.o)
 .text          0x00000000        0x0 c:/program files (x86)/atmel/studio/7.0/toolchain/avr8/avr8-gnu-toolchain/bin/../lib/gcc/avr/5.4.0/../../../../avr/lib/avr5\libm.a(log.o)
 .data          0x00000000        0x0 c:/program files (x86)/atmel/studio/7.0/toolchain/avr8/avr8-gnu-toolchain/bin/../lib/gcc/avr/5.4.0/../../../../avr/lib/avr5\libm.a(log.o)
 .bss           0x00000000        0x0 c:/program files (x86)/atmel/studio/7.0/toolchain/avr8/avr8-gnu-toolchain/bin/../lib/gcc/avr/5.4.0/../../../../avr/lib/avr5\libm.a(log.o)
 .text.avr-libc.fplib
                0x00000000       0xa0 c:/program files (x86)/atmel/studio/7.0/toolchain/avr8/avr8-gnu-toolchain/bin/../lib/gcc/avr/5.4.0/../../../../avr/lib/avr5\libm.a(log.o)
 .progmem.gcc_fplib
                0x00000000       0x5a c:/program files (x86)/atmel/studio/7.0/toolchain/avr8/avr8-gnu-toolchain/bin/../lib/gcc/avr/5.4.0/../../../../avr/lib/avr5\libm.a(log.o)
 .text          0x00000000        0x0 c:/program files (x86)/atmel/studio/7.0/toolchain/avr8/avr8-gnu-toolchain/bin/../lib/gcc/avr/5.4.0/../../../../avr/lib/avr5\libm.a(modf.o)
 .data          0x00000000        0x0 c:/program files (x86)/atmel/studio/7.0/toolchain/avr8/avr8-gnu-toolchain/bin/../lib/gcc/avr/5.4.0/../../../../avr/lib/avr5\libm.a(modf.o)
 .bss           0x00000000        0x0 c:/program files (x86)/atmel/studio/7.0/toolchain/avr8/avr8-gnu-toolchain/bin/../lib/gcc/avr/5.4.0/../../../../avr/lib/avr5\libm.a(modf.o)
 .text.avr-libc.fplib
                0x00000000       0x68 c:/program files (x86)/atmel/studio/7.0/toolchain/avr8/avr8-gnu-toolchain/bin/../lib/gcc/avr/5.4.0/../../../../avr/lib/avr5\libm.a(modf.o)
 .text          0x00000000        0x0 c:/program files (x86)/atmel/studio/7.0/toolchain/avr8/avr8-gnu-toolchain/bin/../lib/gcc/avr/5.4.0/../../../../avr/lib/avr5\libm.a(divsf3.o)
 .data          0x00000000        0x0 c:/program files (x86)/atmel/studio/7.0/toolchain/avr8/avr8-gnu-toolchain/bin/../lib/gcc/avr/5.4.0/../../../../avr/lib/avr5\libm.a(divsf3.o)
 .bss           0x00000000        0x0 c:/program files (x86)/atmel/studio/7.0/toolchain/avr8/avr8-gnu-toolchain/bin/../lib/gcc/avr/5.4.0/../../../../avr/lib/avr5\libm.a(divsf3.o)
 .text.avr-libc.fplib
                0x00000000        0x8 c:/program files (x86)/atmel/studio/7.0/toolchain/avr8/avr8-gnu-toolchain/bin/../lib/gcc/avr/5.4.0/../../../../avr/lib/avr5\libm.a(divsf3.o)
 .text          0x00000000        0x0 c:/program files (x86)/atmel/studio/7.0/toolchain/avr8/avr8-gnu-toolchain/bin/../lib/gcc/avr/5.4.0/../../../../avr/lib/avr5\libm.a(divsf3x.o)
 .data          0x00000000        0x0 c:/program files (x86)/atmel/studio/7.0/toolchain/avr8/avr8-gnu-toolchain/bin/../lib/gcc/avr/5.4.0/../../../../avr/lib/avr5\libm.a(divsf3x.o)
 .bss           0x00000000        0x0 c:/program files (x86)/atmel/studio/7.0/toolchain/avr8/avr8-gnu-toolchain/bin/../lib/gcc/avr/5.4.0/../../../../avr/lib/avr5\libm.a(divsf3x.o)
 .text.avr-libc.fplib
                0x00000000       0xdc c:/program files (x86)/atmel/studio/7.0/toolchain/avr8/avr8-gnu-toolchain/bin/../lib/gcc/avr/5.4.0/../../../../avr/lib/avr5\libm.a(divsf3x.o)
 .text          0x00000000        0x0 c:/program files (x86)/atmel/studio/7.0/toolchain/avr8/avr8-gnu-toolchain/bin/../lib/gcc/avr/5.4.0/../../../../avr/lib/avr5\libm.a(fp_mpack.o)
 .data          0x00000000        0x0 c:/program files (x86)/atmel/studio/7.0/toolchain/avr8/avr8-gnu-toolchain/bin/../lib/gcc/avr/5.4.0/../../../../avr/lib/avr5\libm.a(fp_mpack.o)
 .bss           0x00000000        0x0 c:/program files (x86)/atmel/studio/7.0/toolchain/avr8/avr8-gnu-toolchain/bin/../lib/gcc/avr/5.4.0/../../../../avr/lib/avr5\libm.a(fp_mpack.o)
 .text.avr-libc.fplib
                0x00000000       0x1c c:/program files (x86)/atmel/studio/7.0/toolchain/avr8/avr8-gnu-toolchain/bin/../lib/gcc/avr/5.4.0/../../../../avr/lib/avr5\libm.a(fp_mpack.o)
 .text          0x00000000        0x0 c:/program files (x86)/atmel/studio/7.0/toolchain/avr8/avr8-gnu-toolchain/bin/../lib/gcc/avr/5.4.0/avr5\libgcc.a(_divmodhi4.o)
 .data          0x00000000        0x0 c:/program files (x86)/atmel/studio/7.0/toolchain/avr8/avr8-gnu-toolchain/bin/../lib/gcc/avr/5.4.0/avr5\libgcc.a(_divmodhi4.o)
 .bss           0x00000000        0x0 c:/program files (x86)/atmel/studio/7.0/toolchain/avr8/avr8-gnu-toolchain/bin/../lib/gcc/avr/5.4.0/avr5\libgcc.a(_divmodhi4.o)
 .text.libgcc.mul
                0x00000000        0x0 c:/program files (x86)/atmel/studio/7.0/toolchain/avr8/avr8-gnu-toolchain/bin/../lib/gcc/avr/5.4.0/avr5\libgcc.a(_divmodhi4.o)
 .text.libgcc.div
                0x00000000       0x28 c:/program files (x86)/atmel/studio/7.0/toolchain/avr8/avr8-gnu-toolchain/bin/../lib/gcc/avr/5.4.0/avr5\libgcc.a(_divmodhi4.o)
 .text.libgcc   0x00000000        0x0 c:/program files (x86)/atmel/studio/7.0/toolchain/avr8/avr8-gnu-toolchain/bin/../lib/gcc/avr/5.4.0/avr5\libgcc.a(_divmodhi4.o)
 .text.libgcc.prologue
                0x00000000        0x0 c:/program files (x86)/atmel/studio/7.0/toolchain/avr8/avr8-gnu-toolchain/bin/../lib/gcc/avr/5.4.0/avr5\libgcc.a(_divmodhi4.o)
 .text.libgcc.builtins
                0x00000000        0x0 c:/program files (x86)/atmel/studio/7.0/toolchain/avr8/avr8-gnu-toolchain/bin/../lib/gcc/avr/5.4.0/avr5\libgcc.a(_divmodhi4.o)
 .text.libgcc.fmul
                0x00000000        0x0 c:/program files (x86)/atmel/studio/7.0/toolchain/avr8/avr8-gnu-toolchain/bin/../lib/gcc/avr/5.4.0/avr5\libgcc.a(_divmodhi4.o)
 .text.libgcc.fixed
                0x00000000        0x0 c:/program files (x86)/atmel/studio/7.0/toolchain/avr8/avr8-gnu-toolchain/bin/../lib/gcc/avr/5.4.0/avr5\libgcc.a(_divmodhi4.o)
 .text          0x00000000        0x0 c:/program files (x86)/atmel/studio/7.0/toolchain/avr8/avr8-gnu-toolchain/bin/../lib/gcc/avr/5.4.0/avr5\libgcc.a(_divmodsi4.o)
 .data          0x00000000        0x0 c:/program files (x86)/atmel/studio/7.0/toolchain/avr8/avr8-gnu-toolchain/bin/../lib/gcc/avr/5.4.0/avr5\libgcc.a(_divmodsi4.o)
 .bss           0x00000000        0x0 c:/program files (x86)/atmel/studio/7.0/toolchain/avr8/avr8-gnu-toolchain/bin/../lib/gcc/avr/5.4.0/avr5\libgcc.a(_divmodsi4.o)
 .text.libgcc.mul
                0x00000000        0x0 c:/program files (x86)/atmel/studio/7.0/toolchain/avr8/avr8-gnu-toolchain/bin/../lib/gcc/avr/5.4.0/avr5\libgcc.a(_divmodsi4.o)
 .text.libgcc.div
                0x00000000       0x2e c:/program files (x86)/atmel/studio/7.0/toolchain/avr8/avr8-gnu-toolchain/bin/../lib/gcc/avr/5.4.0/avr5\libgcc.a(_divmodsi4.o)
 .text.libgcc   0x00000000        0x0 c:/program files (x86)/atmel/studio/7.0/toolchain/avr8/avr8-gnu-toolchain/bin/../lib/gcc/avr/5.4.0/avr5\libgcc.a(_divmodsi4.o)
 .text.libgcc.prologue
                0x00000000        0x0 c:/program files (x86)/atmel/studio/7.0/toolchain/avr8/avr8-gnu-toolchain/bin/../lib/gcc/avr/5.4.0/avr5\libgcc.a(_divmodsi4.o)
 .text.libgcc.builtins
                0x00000000        0x0 c:/program files (x86)/atmel/studio/7.0/toolchain/avr8/avr8-gnu-toolchain/bin/../lib/gcc/avr/5.4.0/avr5\libgcc.a(_divmodsi4.o)
 .text.libgcc.fmul
                0x00000000        0x0 c:/program files (x86)/atmel/studio/7.0/toolchain/avr8/avr8-gnu-toolchain/bin/../lib/gcc/avr/5.4.0/avr5\libgcc.a(_divmodsi4.o)
 .text.libgcc.fixed
                0x00000000        0x0 c:/program files (x86)/atmel/studio/7.0/toolchain/avr8/avr8-gnu-toolchain/bin/../lib/gcc/avr/5.4.0/avr5\libgcc.a(_divmodsi4.o)
 .text          0x00000000        0x0 c:/program files (x86)/atmel/studio/7.0/toolchain/avr8/avr8-gnu-toolchain/bin/../lib/gcc/avr/5.4.0/avr5\libgcc.a(_negsi2.o)
 .data          0x00000000        0x0 c:/program files (x86)/atmel/studio/7.0/toolchain/avr8/avr8-gnu-toolchain/bin/../lib/gcc/avr/5.4.0/avr5\libgcc.a(_negsi2.o)
 .bss           0x00000000        0x0 c:/program files (x86)/atmel/studio/7.0/toolchain/avr8/avr8-gnu-toolchain/bin/../lib/gcc/avr/5.4.0/avr5\libgcc.a(_negsi2.o)
 .text.libgcc.mul
                0x00000000        0x0 c:/program files (x86)/atmel/studio/7.0/toolchain/avr8/avr8-gnu-toolchain/bin/../lib/gcc/avr/5.4.0/avr5\libgcc.a(_negsi2.o)
 .text.libgcc.div
                0x00000000       0x10 c:/program files (x86)/atmel/studio/7.0/toolchain/avr8/avr8-gnu-toolchain/bin/../lib/gcc/avr/5.4.0/avr5\libgcc.a(_negsi2.o)
 .text.libgcc   0x00000000        0x0 c:/program files (x86)/atmel/studio/7.0/toolchain/avr8/avr8-gnu-toolchain/bin/../lib/gcc/avr/5.4.0/avr5\libgcc.a(_negsi2.o)
 .text.libgcc.prologue
                0x00000000        0x0 c:/program files (x86)/atmel/studio/7.0/toolchain/avr8/avr8-gnu-toolchain/bin/../lib/gcc/avr/5.4.0/avr5\libgcc.a(_negsi2.o)
 .text.libgcc.builtins
                0x00000000        0x0 c:/program files (x86)/atmel/studio/7.0/toolchain/avr8/avr8-gnu-toolchain/bin/../lib/gcc/avr/5.4.0/avr5\libgcc.a(_negsi2.o)
 .text.libgcc.fmul
                0x00000000        0x0 c:/program files (x86)/atmel/studio/7.0/toolchain/avr8/avr8-gnu-toolchain/bin/../lib/gcc/avr/5.4.0/avr5\libgcc.a(_negsi2.o)
 .text.libgcc.fixed
                0x00000000        0x0 c:/program files (x86)/atmel/studio/7.0/toolchain/avr8/avr8-gnu-toolchain/bin/../lib/gcc/avr/5.4.0/avr5\libgcc.a(_negsi2.o)
 .text          0x00000000        0x0 c:/program files (x86)/atmel/studio/7.0/toolchain/avr8/avr8-gnu-toolchain/bin/../lib/gcc/avr/5.4.0/avr5\libgcc.a(_exit.o)
 .data          0x00000000        0x0 c:/program files (x86)/atmel/studio/7.0/toolchain/avr8/avr8-gnu-toolchain/bin/../lib/gcc/avr/5.4.0/avr5\libgcc.a(_exit.o)
 .bss           0x00000000        0x0 c:/program files (x86)/atmel/studio/7.0/toolchain/avr8/avr8-gnu-toolchain/bin/../lib/gcc/avr/5.4.0/avr5\libgcc.a(_exit.o)
 .text.libgcc.mul
                0x00000000        0x0 c:/program files (x86)/atmel/studio/7.0/toolchain/avr8/avr8-gnu-toolchain/bin/../lib/gcc/avr/5.4.0/avr5\libgcc.a(_exit.o)
 .text.libgcc.div
                0x00000000        0x0 c:/program files (x86)/atmel/studio/7.0/toolchain/avr8/avr8-gnu-toolchain/bin/../lib/gcc/avr/5.4.0/avr5\libgcc.a(_exit.o)
 .text.libgcc   0x00000000        0x0 c:/program files (x86)/atmel/studio/7.0/toolchain/avr8/avr8-gnu-toolchain/bin/../lib/gcc/avr/5.4.0/avr5\libgcc.a(_exit.o)
 .text.libgcc.prologue
                0x00000000        0x0 c:/program files (x86)/atmel/studio/7.0/toolchain/avr8/avr8-gnu-toolchain/bin/../lib/gcc/avr/5.4.0/avr5\libgcc.a(_exit.o)
 .text.libgcc.builtins
                0x00000000        0x0 c:/program files (x86)/atmel/studio/7.0/toolchain/avr8/avr8-gnu-toolchain/bin/../lib/gcc/avr/5.4.0/avr5\libgcc.a(_exit.o)
 .text.libgcc.fmul
                0x00000000        0x0 c:/program files (x86)/atmel/studio/7.0/toolchain/avr8/avr8-gnu-toolchain/bin/../lib/gcc/avr/5.4.0/avr5\libgcc.a(_exit.o)
 .text.libgcc.fixed
                0x00000000        0x0 c:/program files (x86)/atmel/studio/7.0/toolchain/avr8/avr8-gnu-toolchain/bin/../lib/gcc/avr/5.4.0/avr5\libgcc.a(_exit.o)
 .text          0x00000000        0x0 c:/program files (x86)/atmel/studio/7.0/toolchain/avr8/avr8-gnu-toolchain/bin/../lib/gcc/avr/5.4.0/avr5\libgcc.a(_copy_data.o)
 .data          0x00000000        0x0 c:/program files (x86)/atmel/studio/7.0/toolchain/avr8/avr8-gnu-toolchain/bin/../lib/gcc/avr/5.4.0/avr5\libgcc.a(_copy_data.o)
 .bss           0x00000000        0x0 c:/program files (x86)/atmel/studio/7.0/toolchain/avr8/avr8-gnu-toolchain/bin/../lib/gcc/avr/5.4.0/avr5\libgcc.a(_copy_data.o)
 .text.libgcc.mul
                0x00000000        0x0 c:/program files (x86)/atmel/studio/7.0/toolchain/avr8/avr8-gnu-toolchain/bin/../lib/gcc/avr/5.4.0/avr5\libgcc.a(_copy_data.o)
 .text.libgcc.div
                0x00000000        0x0 c:/program files (x86)/atmel/studio/7.0/toolchain/avr8/avr8-gnu-toolchain/bin/../lib/gcc/avr/5.4.0/avr5\libgcc.a(_copy_data.o)
 .text.libgcc   0x00000000        0x0 c:/program files (x86)/atmel/studio/7.0/toolchain/avr8/avr8-gnu-toolchain/bin/../lib/gcc/avr/5.4.0/avr5\libgcc.a(_copy_data.o)
 .text.libgcc.prologue
                0x00000000        0x0 c:/program files (x86)/atmel/studio/7.0/toolchain/avr8/avr8-gnu-toolchain/bin/../lib/gcc/avr/5.4.0/avr5\libgcc.a(_copy_data.o)
 .text.libgcc.builtins
                0x00000000        0x0 c:/program files (x86)/atmel/studio/7.0/toolchain/avr8/avr8-gnu-toolchain/bin/../lib/gcc/avr/5.4.0/avr5\libgcc.a(_copy_data.o)
 .text.libgcc.fmul
                0x00000000        0x0 c:/program files (x86)/atmel/studio/7.0/toolchain/avr8/avr8-gnu-toolchain/bin/../lib/gcc/avr/5.4.0/avr5\libgcc.a(_copy_data.o)
 .text.libgcc.fixed
                0x00000000        0x0 c:/program files (x86)/atmel/studio/7.0/toolchain/avr8/avr8-gnu-toolchain/bin/../lib/gcc/avr/5.4.0/avr5\libgcc.a(_copy_data.o)
 .text          0x00000000        0x0 c:/program files (x86)/atmel/studio/7.0/toolchain/avr8/avr8-gnu-toolchain/bin/../lib/gcc/avr/5.4.0/avr5\libgcc.a(_clear_bss.o)
 .data          0x00000000        0x0 c:/program files (x86)/atmel/studio/7.0/toolchain/avr8/avr8-gnu-toolchain/bin/../lib/gcc/avr/5.4.0/avr5\libgcc.a(_clear_bss.o)
 .bss           0x00000000        0x0 c:/program files (x86)/atmel/studio/7.0/toolchain/avr8/avr8-gnu-toolchain/bin/../lib/gcc/avr/5.4.0/avr5\libgcc.a(_clear_bss.o)
 .text.libgcc.mul
                0x00000000        0x0 c:/program files (x86)/atmel/studio/7.0/toolchain/avr8/avr8-gnu-toolchain/bin/../lib/gcc/avr/5.4.0/avr5\libgcc.a(_clear_bss.o)
 .text.libgcc.div
                0x00000000        0x0 c:/program files (x86)/atmel/studio/7.0/toolchain/avr8/avr8-gnu-toolchain/bin/../lib/gcc/avr/5.4.0/avr5\libgcc.a(_clear_bss.o)
 .text.libgcc   0x00000000        0x0 c:/program files (x86)/atmel/studio/7.0/toolchain/avr8/avr8-gnu-toolchain/bin/../lib/gcc/avr/5.4.0/avr5\libgcc.a(_clear_bss.o)
 .text.libgcc.prologue
                0x00000000        0x0 c:/program files (x86)/atmel/studio/7.0/toolchain/avr8/avr8-gnu-toolchain/bin/../lib/gcc/avr/5.4.0/avr5\libgcc.a(_clear_bss.o)
 .text.libgcc.builtins
                0x00000000        0x0 c:/program files (x86)/atmel/studio/7.0/toolchain/avr8/avr8-gnu-toolchain/bin/../lib/gcc/avr/5.4.0/avr5\libgcc.a(_clear_bss.o)
 .text.libgcc.fmul
                0x00000000        0x0 c:/program files (x86)/atmel/studio/7.0/toolchain/avr8/avr8-gnu-toolchain/bin/../lib/gcc/avr/5.4.0/avr5\libgcc.a(_clear_bss.o)
 .text.libgcc.fixed
                0x00000000        0x0 c:/program files (x86)/atmel/studio/7.0/toolchain/avr8/avr8-gnu-toolchain/bin/../lib/gcc/avr/5.4.0/avr5\libgcc.a(_clear_bss.o)
 .text          0x00000000        0x0 c:/program files (x86)/atmel/studio/7.0/toolchain/avr8/avr8-gnu-toolchain/bin/../lib/gcc/avr/5.4.0/avr5\libgcc.a(_umulhisi3.o)
 .data          0x00000000        0x0 c:/program files (x86)/atmel/studio/7.0/toolchain/avr8/avr8-gnu-toolchain/bin/../lib/gcc/avr/5.4.0/avr5\libgcc.a(_umulhisi3.o)
 .bss           0x00000000        0x0 c:/program files (x86)/atmel/studio/7.0/toolchain/avr8/avr8-gnu-toolchain/bin/../lib/gcc/avr/5.4.0/avr5\libgcc.a(_umulhisi3.o)
 .text.libgcc.mul
                0x00000000       0x1e c:/program files (x86)/atmel/studio/7.0/toolchain/avr8/avr8-gnu-toolchain/bin/../lib/gcc/avr/5.4.0/avr5\libgcc.a(_umulhisi3.o)
 .text.libgcc.div
                0x00000000        0x0 c:/program files (x86)/atmel/studio/7.0/toolchain/avr8/avr8-gnu-toolchain/bin/../lib/gcc/avr/5.4.0/avr5\libgcc.a(_umulhisi3.o)
 .text.libgcc   0x00000000        0x0 c:/program files (x86)/atmel/studio/7.0/toolchain/avr8/avr8-gnu-toolchain/bin/../lib/gcc/avr/5.4.0/avr5\libgcc.a(_umulhisi3.o)
 .text.libgcc.prologue
                0x00000000        0x0 c:/program files (x86)/atmel/studio/7.0/toolchain/avr8/avr8-gnu-toolchain/bin/../lib/gcc/avr/5.4.0/avr5\libgcc.a(_umulhisi3.o)
 .text.libgcc.builtins
                0x00000000        0x0 c:/program files (x86)/atmel/studio/7.0/toolchain/avr8/avr8-gnu-toolchain/bin/../lib/gcc/avr/5.4.0/avr5\libgcc.a(_umulhisi3.o)
 .text.libgcc.fmul
                0x00000000        0x0 c:/program files (x86)/atmel/studio/7.0/toolchain/avr8/avr8-gnu-toolchain/bin/../lib/gcc/avr/5.4.0/avr5\libgcc.a(_umulhisi3.o)
 .text.libgcc.fixed
                0x00000000        0x0 c:/program files (x86)/atmel/studio/7.0/toolchain/avr8/avr8-gnu-toolchain/bin/../lib/gcc/avr/5.4.0/avr5\libgcc.a(_umulhisi3.o)
 .text          0x00000000        0x0 c:/program files (x86)/atmel/studio/7.0/toolchain/avr8/avr8-gnu-toolchain/bin/../lib/gcc/avr/5.4.0/avr5\libgcc.a(_udivmodhi4.o)
 .data          0x00000000        0x0 c:/program files (x86)/atmel/studio/7.0/toolchain/avr8/avr8-gnu-toolchain/bin/../lib/gcc/avr/5.4.0/avr5\libgcc.a(_udivmodhi4.o)
 .bss           0x00000000        0x0 c:/program files (x86)/atmel/studio/7.0/toolchain/avr8/avr8-gnu-toolchain/bin/../lib/gcc/avr/5.4.0/avr5\libgcc.a(_udivmodhi4.o)
 .text.libgcc.mul
                0x00000000        0x0 c:/program files (x86)/atmel/studio/7.0/toolchain/avr8/avr8-gnu-toolchain/bin/../lib/gcc/avr/5.4.0/avr5\libgcc.a(_udivmodhi4.o)
 .text.libgcc.div
                0x00000000       0x28 c:/program files (x86)/atmel/studio/7.0/toolchain/avr8/avr8-gnu-toolchain/bin/../lib/gcc/avr/5.4.0/avr5\libgcc.a(_udivmodhi4.o)
 .text.libgcc   0x00000000        0x0 c:/program files (x86)/atmel/studio/7.0/toolchain/avr8/avr8-gnu-toolchain/bin/../lib/gcc/avr/5.4.0/avr5\libgcc.a(_udivmodhi4.o)
 .text.libgcc.prologue
                0x00000000        0x0 c:/program files (x86)/atmel/studio/7.0/toolchain/avr8/avr8-gnu-toolchain/bin/../lib/gcc/avr/5.4.0/avr5\libgcc.a(_udivmodhi4.o)
 .text.libgcc.builtins
                0x00000000        0x0 c:/program files (x86)/atmel/studio/7.0/toolchain/avr8/avr8-gnu-toolchain/bin/../lib/gcc/avr/5.4.0/avr5\libgcc.a(_udivmodhi4.o)
 .text.libgcc.fmul
                0x00000000        0x0 c:/program files (x86)/atmel/studio/7.0/toolchain/avr8/avr8-gnu-toolchain/bin/../lib/gcc/avr/5.4.0/avr5\libgcc.a(_udivmodhi4.o)
 .text.libgcc.fixed
                0x00000000        0x0 c:/program files (x86)/atmel/studio/7.0/toolchain/avr8/avr8-gnu-toolchain/bin/../lib/gcc/avr/5.4.0/avr5\libgcc.a(_udivmodhi4.o)
 .text          0x00000000        0x0 c:/program files (x86)/atmel/studio/7.0/toolchain/avr8/avr8-gnu-toolchain/bin/../lib/gcc/avr/5.4.0/avr5\libgcc.a(_udivmodsi4.o)
 .data          0x00000000        0x0 c:/program files (x86)/atmel/studio/7.0/toolchain/avr8/avr8-gnu-toolchain/bin/../lib/gcc/avr/5.4.0/avr5\libgcc.a(_udivmodsi4.o)
 .bss           0x00000000        0x0 c:/program files (x86)/atmel/studio/7.0/toolchain/avr8/avr8-gnu-toolchain/bin/../lib/gcc/avr/5.4.0/avr5\libgcc.a(_udivmodsi4.o)
 .text.libgcc.mul
                0x00000000        0x0 c:/program files (x86)/atmel/studio/7.0/toolchain/avr8/avr8-gnu-toolchain/bin/../lib/gcc/avr/5.4.0/avr5\libgcc.a(_udivmodsi4.o)
 .text.libgcc.div
                0x00000000       0x44 c:/program files (x86)/atmel/studio/7.0/toolchain/avr8/avr8-gnu-toolchain/bin/../lib/gcc/avr/5.4.0/avr5\libgcc.a(_udivmodsi4.o)
 .text.libgcc   0x00000000        0x0 c:/program files (x86)/atmel/studio/7.0/toolchain/avr8/avr8-gnu-toolchain/bin/../lib/gcc/avr/5.4.0/avr5\libgcc.a(_udivmodsi4.o)
 .text.libgcc.prologue
                0x00000000        0x0 c:/program files (x86)/atmel/studio/7.0/toolchain/avr8/avr8-gnu-toolchain/bin/../lib/gcc/avr/5.4.0/avr5\libgcc.a(_udivmodsi4.o)
 .text.libgcc.builtins
                0x00000000        0x0 c:/program files (x86)/atmel/studio/7.0/toolchain/avr8/avr8-gnu-toolchain/bin/../lib/gcc/avr/5.4.0/avr5\libgcc.a(_udivmodsi4.o)
 .text.libgcc.fmul
                0x00000000        0x0 c:/program files (x86)/atmel/studio/7.0/toolchain/avr8/avr8-gnu-toolchain/bin/../lib/gcc/avr/5.4.0/avr5\libgcc.a(_udivmodsi4.o)
 .text.libgcc.fixed
                0x00000000        0x0 c:/program files (x86)/atmel/studio/7.0/toolchain/avr8/avr8-gnu-toolchain/bin/../lib/gcc/avr/5.4.0/avr5\libgcc.a(_udivmodsi4.o)
 .text          0x00000000        0x0 c:/program files (x86)/atmel/studio/7.0/toolchain/avr8/avr8-gnu-toolchain/bin/../lib/gcc/avr/5.4.0/../../../../avr/lib/avr5\libc.a(itoa_ncheck.o)
 .data          0x00000000        0x0 c:/program files (x86)/atmel/studio/7.0/toolchain/avr8/avr8-gnu-toolchain/bin/../lib/gcc/avr/5.4.0/../../../../avr/lib/avr5\libc.a(itoa_ncheck.o)
 .bss           0x00000000        0x0 c:/program files (x86)/atmel/studio/7.0/toolchain/avr8/avr8-gnu-toolchain/bin/../lib/gcc/avr/5.4.0/../../../../avr/lib/avr5\libc.a(itoa_ncheck.o)
 .text          0x00000000        0x0 c:/program files (x86)/atmel/studio/7.0/toolchain/avr8/avr8-gnu-toolchain/bin/../lib/gcc/avr/5.4.0/../../../../avr/lib/avr5\libc.a(utoa_ncheck.o)
 .data          0x00000000        0x0 c:/program files (x86)/atmel/studio/7.0/toolchain/avr8/avr8-gnu-toolchain/bin/../lib/gcc/avr/5.4.0/../../../../avr/lib/avr5\libc.a(utoa_ncheck.o)
 .bss           0x00000000        0x0 c:/program files (x86)/atmel/studio/7.0/toolchain/avr8/avr8-gnu-toolchain/bin/../lib/gcc/avr/5.4.0/../../../../avr/lib/avr5\libc.a(utoa_ncheck.o)
 .text          0x00000000        0x0 c:/program files (x86)/atmel/studio/7.0/toolchain/avr8/avr8-gnu-toolchain/bin/../lib/gcc/avr/5.4.0/../../../../avr/lib/avr5\libc.a(strrev.o)
 .data          0x00000000        0x0 c:/program files (x86)/atmel/studio/7.0/toolchain/avr8/avr8-gnu-toolchain/bin/../lib/gcc/avr/5.4.0/../../../../avr/lib/avr5\libc.a(strrev.o)
 .bss           0x00000000        0x0 c:/program files (x86)/atmel/studio/7.0/toolchain/avr8/avr8-gnu-toolchain/bin/../lib/gcc/avr/5.4.0/../../../../avr/lib/avr5\libc.a(strrev.o)

Memory Configuration

Name             Origin             Length             Attributes
text             0x00000000         0x00008000         xr
data             0x00800060         0x00000800         rw !x
eeprom           0x00810000         0x00000400         rw !x
fuse             0x00820000         0x00000002         rw !x
lock             0x00830000         0x00000400         rw !x
signature        0x00840000         0x00000400         rw !x
user_signatures  0x00850000         0x00000400         rw !x
*default*        0x00000000         0xffffffff

Linker script and memory map

LOAD C:/Program Files (x86)/Atmel/Studio/7.0/Packs/atmel/ATmega_DFP/1.7.374/gcc/dev/atmega32/avr5/crtatmega32.o
LOAD APP/App.o
LOAD APP/Traffic System/Traffic.o
LOAD main.o
LOAD MCAL/ADC/ADC_Program.o
LOAD MCAL/EXT_INTERRUPT/EXT_INTERRUPT_Program.o
LOAD MCAL/GPIO/GPIO_Program.o
LOAD MCAL/TIMERS/TIMER0/TIMER0_Program.o
LOAD MCAL/TIMERS/TIMER1/TIMER1_Program.o
LOAD MCAL/TIMERS/TIMER2/TIMER2_Program.o
LOAD MCUAL/BUTTONs/BUTTON_Program.o
LOAD MCUAL/BUZZER/BUZZER_Program.o
LOAD MCUAL/IR SENSOR/IR_Program.o
LOAD MCUAL/KEYPAD/KEYPAD_Program.o
LOAD MCUAL/LCD/LCD_Program.o
LOAD MCUAL/LEDs/LED_Program.o
LOAD MCUAL/MOTORS/SERVO_MOTOR/SERVO_Program.o
LOAD MCUAL/MOTORS/STEPPER_MOTOR/STEPPER_Program.o
LOAD MCUAL/RELAY/RELAY_Program.o
LOAD MCUAL/SEVEN_SEGMENT/SEVEN_SEGMENT_Program.o
LOAD MCUAL/SEVEN_SEGMENT_AMIT_KIT/SEVEN_SEGMENT_KIT_Program.o
LOAD MCUAL/ULTRASONIC/ULTRASONIC_Program.o
START GROUP
LOAD c:/program files (x86)/atmel/studio/7.0/toolchain/avr8/avr8-gnu-toolchain/bin/../lib/gcc/avr/5.4.0/../../../../avr/lib/avr5\libm.a
END GROUP
START GROUP
LOAD c:/program files (x86)/atmel/studio/7.0/toolchain/avr8/avr8-gnu-toolchain/bin/../lib/gcc/avr/5.4.0/avr5\libgcc.a
LOAD c:/program files (x86)/atmel/studio/7.0/toolchain/avr8/avr8-gnu-toolchain/bin/../lib/gcc/avr/5.4.0/../../../../avr/lib/avr5\libm.a
LOAD c:/program files (x86)/atmel/studio/7.0/toolchain/avr8/avr8-gnu-toolchain/bin/../lib/gcc/avr/5.4.0/../../../../avr/lib/avr5\libc.a
LOAD C:/Program Files (x86)/Atmel/Studio/7.0/Packs/atmel/ATmega_DFP/1.7.374/gcc/dev/atmega32/avr5\libatmega32.a
END GROUP
                0x00000000                __TEXT_REGION_ORIGIN__ = DEFINED (__TEXT_REGION_ORIGIN__)?__TEXT_REGION_ORIGIN__:0x0
                [0x00800060]                __DATA_REGION_ORIGIN__ = DEFINED (__DATA_REGION_ORIGIN__)?__DATA_REGION_ORIGIN__:0x800060
                [0x00008000]                __TEXT_REGION_LENGTH__ = DEFINED (__TEXT_REGION_LENGTH__)?__TEXT_REGION_LENGTH__:0x20000
                [0x00000800]                __DATA_REGION_LENGTH__ = DEFINED (__DATA_REGION_LENGTH__)?__DATA_REGION_LENGTH__:0xffa0
                [0x00000400]                __EEPROM_REGION_LENGTH__ = DEFINED (__EEPROM_REGION_LENGTH__)?__EEPROM_REGION_LENGTH__:0x10000
                [0x00000002]                __FUSE_REGION_LENGTH__ = DEFINED (__FUSE_REGION_LENGTH__)?__FUSE_REGION_LENGTH__:0x400
                0x00000400                __LOCK_REGION_LENGTH__ = DEFINED (__LOCK_REGION_LENGTH__)?__LOCK_REGION_LENGTH__:0x400
                0x00000400                __SIGNATURE_REGION_LENGTH__ = DEFINED (__SIGNATURE_REGION_LENGTH__)?__SIGNATURE_REGION_LENGTH__:0x400
                0x00000400                __USER_SIGNATURE_REGION_LENGTH__ = DEFINED (__USER_SIGNATURE_REGION_LENGTH__)?__USER_SIGNATURE_REGION_LENGTH__:0x400

.hash
 *(.hash)

.dynsym
 *(.dynsym)

.dynstr
 *(.dynstr)

.gnu.version
 *(.gnu.version)

.gnu.version_d
 *(.gnu.version_d)

.gnu.version_r
 *(.gnu.version_r)

.rel.init
 *(.rel.init)

.rela.init
 *(.rela.init)

.rel.text
 *(.rel.text)
 *(.rel.text.*)
 *(.rel.gnu.linkonce.t*)

.rela.text
 *(.rela.text)
 *(.rela.text.*)
 *(.rela.gnu.linkonce.t*)

.rel.fini
 *(.rel.fini)

.rela.fini
 *(.rela.fini)

.rel.rodata
 *(.rel.rodata)
 *(.rel.rodata.*)
 *(.rel.gnu.linkonce.r*)

.rela.rodata
 *(.rela.rodata)
 *(.rela.rodata.*)
 *(.rela.gnu.linkonce.r*)

.rel.data
 *(.rel.data)
 *(.rel.data.*)
 *(.rel.gnu.linkonce.d*)

.rela.data
 *(.rela.data)
 *(.rela.data.*)
 *(.rela.gnu.linkonce.d*)

.rel.ctors
 *(.rel.ctors)

.rela.ctors
 *(.rela.ctors)

.rel.dtors
 *(.rel.dtors)

.rela.dtors
 *(.rela.dtors)

.rel.got
 *(.rel.got)

.rela.got
 *(.rela.got)

.rel.bss
 *(.rel.bss)

.rela.bss
 *(.rela.bss)

.rel.plt
 *(.rel.plt)

.rela.plt
 *(.rela.plt)

.text           0x00000000     0x1088
 *(.vectors)
 .vectors       0x00000000       0x54 C:/Program Files (x86)/Atmel/Studio/7.0/Packs/atmel/ATmega_DFP/1.7.374/gcc/dev/atmega32/avr5/crtatmega32.o
                0x00000000                __vector_default
                0x00000000                __vectors
 *(.vectors)
 *(.progmem.gcc*)
                0x00000054                . = ALIGN (0x2)
                0x00000054                __trampolines_start = .
 *(.trampolines)
 .trampolines   0x00000054        0x0 linker stubs
 *(.trampolines*)
                0x00000054                __trampolines_end = .
 *libprintf_flt.a:*(.progmem.data)
 *libc.a:*(.progmem.data)
 *(.progmem*)
                0x00000054                . = ALIGN (0x2)
 *(.jumptables)
 *(.jumptables*)
 *(.lowtext)
 *(.lowtext*)
                0x00000054                __ctors_start = .
 *(.ctors)
                0x00000054                __ctors_end = .
                0x00000054                __dtors_start = .
 *(.dtors)
                0x00000054                __dtors_end = .
 SORT(*)(.ctors)
 SORT(*)(.dtors)
 *(.init0)
 .init0         0x00000054        0x0 C:/Program Files (x86)/Atmel/Studio/7.0/Packs/atmel/ATmega_DFP/1.7.374/gcc/dev/atmega32/avr5/crtatmega32.o
                0x00000054                __init
 *(.init0)
 *(.init1)
 *(.init1)
 *(.init2)
 .init2         0x00000054        0xc C:/Program Files (x86)/Atmel/Studio/7.0/Packs/atmel/ATmega_DFP/1.7.374/gcc/dev/atmega32/avr5/crtatmega32.o
 *(.init2)
 *(.init3)
 *(.init3)
 *(.init4)
 .init4         0x00000060       0x16 c:/program files (x86)/atmel/studio/7.0/toolchain/avr8/avr8-gnu-toolchain/bin/../lib/gcc/avr/5.4.0/avr5\libgcc.a(_copy_data.o)
                0x00000060                __do_copy_data
 .init4         0x00000076       0x10 c:/program files (x86)/atmel/studio/7.0/toolchain/avr8/avr8-gnu-toolchain/bin/../lib/gcc/avr/5.4.0/avr5\libgcc.a(_clear_bss.o)
                0x00000076                __do_clear_bss
 *(.init4)
 *(.init5)
 *(.init5)
 *(.init6)
 *(.init6)
 *(.init7)
 *(.init7)
 *(.init8)
 *(.init8)
 *(.init9)
 .init9         0x00000086        0x8 C:/Program Files (x86)/Atmel/Studio/7.0/Packs/atmel/ATmega_DFP/1.7.374/gcc/dev/atmega32/avr5/crtatmega32.o
 *(.init9)
 *(.text)
 .text          0x0000008e        0x4 C:/Program Files (x86)/Atmel/Studio/7.0/Packs/atmel/ATmega_DFP/1.7.374/gcc/dev/atmega32/avr5/crtatmega32.o
                0x0000008e                __vector_12
                0x0000008e                __bad_interrupt
                0x0000008e                __vector_6
                0x0000008e                __vector_13
                0x0000008e                __vector_17
                0x0000008e                __vector_19
                0x0000008e                __vector_7
                0x0000008e                __vector_9
                0x0000008e                __vector_15
                0x0000008e                __vector_8
                0x0000008e                __vector_14
                0x0000008e                __vector_18
                0x0000008e                __vector_20
                0x00000092                . = ALIGN (0x2)
 *(.text.*)
 .text.ISR0     0x00000092        0x8 APP/Traffic System/Traffic.o
                0x00000092                ISR0
 .text.TIMER0_CTC_ISR
                0x0000009a      0x40e APP/Traffic System/Traffic.o
                0x0000009a                TIMER0_CTC_ISR
 .text.TIMER2_CTC_ISR
                0x000004a8       0x52 APP/Traffic System/Traffic.o
                0x000004a8                TIMER2_CTC_ISR
 .text.TRAFFIC_INIT
                0x000004fa       0x8c APP/Traffic System/Traffic.o
                0x000004fa                TRAFFIC_INIT
 .text.TRAFFIC_START
                0x00000586      0x120 APP/Traffic System/Traffic.o
                0x00000586                TRAFFIC_START
 .text.main     0x000006a6        0xa main.o
                0x000006a6                main
 .text.ADC_START_CHAIN_CONVERSION_ASYN
                0x000006b0       0x5a MCAL/ADC/ADC_Program.o
                0x000006b0                ADC_START_CHAIN_CONVERSION_ASYN
 .text.__vector_16
                0x0000070a       0xc4 MCAL/ADC/ADC_Program.o
                0x0000070a                __vector_16
 .text.EXT_INTERRUPT_INIT
                0x000007ce       0x32 MCAL/EXT_INTERRUPT/EXT_INTERRUPT_Program.o
                0x000007ce                EXT_INTERRUPT_INIT
 .text.EXT_ENABLE_GLOBAL
                0x00000800        0x8 MCAL/EXT_INTERRUPT/EXT_INTERRUPT_Program.o
                0x00000800                EXT_ENABLE_GLOBAL
 .text.EXT_SET_CALL_BACK
                0x00000808       0x26 MCAL/EXT_INTERRUPT/EXT_INTERRUPT_Program.o
                0x00000808                EXT_SET_CALL_BACK
 .text.__vector_1
                0x0000082e       0x52 MCAL/EXT_INTERRUPT/EXT_INTERRUPT_Program.o
                0x0000082e                __vector_1
 .text.__vector_2
                0x00000880       0x52 MCAL/EXT_INTERRUPT/EXT_INTERRUPT_Program.o
                0x00000880                __vector_2
 .text.__vector_3
                0x000008d2       0x52 MCAL/EXT_INTERRUPT/EXT_INTERRUPT_Program.o
                0x000008d2                __vector_3
 .text.GPIO_SETPIN_DIRECTION
                0x00000924       0xfe MCAL/GPIO/GPIO_Program.o
                0x00000924                GPIO_SETPIN_DIRECTION
 .text.GPIO_SETPIN_VALUE
                0x00000a22       0xfe MCAL/GPIO/GPIO_Program.o
                0x00000a22                GPIO_SETPIN_VALUE
 .text.GPIO_READPIN_VALUE
                0x00000b20       0x5c MCAL/GPIO/GPIO_Program.o
                0x00000b20                GPIO_READPIN_VALUE
 .text.TIMER0_INIT
                0x00000b7c       0x24 MCAL/TIMERS/TIMER0/TIMER0_Program.o
                0x00000b7c                TIMER0_INIT
 .text.TIMER0_SET_CALL_BACK
                0x00000ba0       0x2e MCAL/TIMERS/TIMER0/TIMER0_Program.o
                0x00000ba0                TIMER0_SET_CALL_BACK
 .text.__vector_11
                0x00000bce       0x52 MCAL/TIMERS/TIMER0/TIMER0_Program.o
                0x00000bce                __vector_11
 .text.__vector_10
                0x00000c20       0x52 MCAL/TIMERS/TIMER0/TIMER0_Program.o
                0x00000c20                __vector_10
 .text.TIMER2_INIT
                0x00000c72       0x24 MCAL/TIMERS/TIMER2/TIMER2_Program.o
                0x00000c72                TIMER2_INIT
 .text.TIMER2_SET_CALL_BACK
                0x00000c96       0x2e MCAL/TIMERS/TIMER2/TIMER2_Program.o
                0x00000c96                TIMER2_SET_CALL_BACK
 .text.__vector_5
                0x00000cc4       0x52 MCAL/TIMERS/TIMER2/TIMER2_Program.o
                0x00000cc4                __vector_5
 .text.__vector_4
                0x00000d16       0x52 MCAL/TIMERS/TIMER2/TIMER2_Program.o
                0x00000d16                __vector_4
 .text.IR_INIT  0x00000d68        0xe MCUAL/IR SENSOR/IR_Program.o
                0x00000d68                IR_INIT
 .text.IR_STATUS
                0x00000d76        0xc MCUAL/IR SENSOR/IR_Program.o
                0x00000d76                IR_STATUS
 .text.SetHalfDataPort
                0x00000d82       0x64 MCUAL/LCD/LCD_Program.o
 .text.SendEnablePulse
                0x00000de6       0x22 MCUAL/LCD/LCD_Program.o
 .text.LCD_WRITE_COMMAND
                0x00000e08       0x34 MCUAL/LCD/LCD_Program.o
                0x00000e08                LCD_WRITE_COMMAND
 .text.LCD_WRITE_CHAR
                0x00000e3c       0x34 MCUAL/LCD/LCD_Program.o
                0x00000e3c                LCD_WRITE_CHAR
 .text.LCD_INIT
                0x00000e70       0x84 MCUAL/LCD/LCD_Program.o
                0x00000e70                LCD_INIT
 .text.LCD_WRITE_STRING
                0x00000ef4       0x2e MCUAL/LCD/LCD_Program.o
                0x00000ef4                LCD_WRITE_STRING
 .text.LCD_WRITE_NUMBER
                0x00000f22       0x3e MCUAL/LCD/LCD_Program.o
                0x00000f22                LCD_WRITE_NUMBER
 .text.LCD_SET_CURSOR
                0x00000f60       0x28 MCUAL/LCD/LCD_Program.o
                0x00000f60                LCD_SET_CURSOR
 .text.LED_INIT
                0x00000f88       0x18 MCUAL/LEDs/LED_Program.o
                0x00000f88                LED_INIT
 .text.LED_ON   0x00000fa0       0x36 MCUAL/LEDs/LED_Program.o
                0x00000fa0                LED_ON
 .text.LED_OFF  0x00000fd6       0x36 MCUAL/LEDs/LED_Program.o
                0x00000fd6                LED_OFF
 .text.SERVO_INIT
                0x0000100c        0xe MCUAL/MOTORS/SERVO_MOTOR/SERVO_Program.o
                0x0000100c                SERVO_INIT
 .text.avr-libc
                0x0000101a       0x16 c:/program files (x86)/atmel/studio/7.0/toolchain/avr8/avr8-gnu-toolchain/bin/../lib/gcc/avr/5.4.0/../../../../avr/lib/avr5\libc.a(itoa_ncheck.o)
                0x0000101a                __itoa_ncheck
 .text.avr-libc
                0x00001030       0x34 c:/program files (x86)/atmel/studio/7.0/toolchain/avr8/avr8-gnu-toolchain/bin/../lib/gcc/avr/5.4.0/../../../../avr/lib/avr5\libc.a(utoa_ncheck.o)
                0x00001030                __utoa_ncheck
                0x00001032                __utoa_common
 .text.avr-libc
                0x00001064       0x20 c:/program files (x86)/atmel/studio/7.0/toolchain/avr8/avr8-gnu-toolchain/bin/../lib/gcc/avr/5.4.0/../../../../avr/lib/avr5\libc.a(strrev.o)
                0x00001064                strrev
                0x00001084                . = ALIGN (0x2)
 *(.fini9)
 .fini9         0x00001084        0x0 c:/program files (x86)/atmel/studio/7.0/toolchain/avr8/avr8-gnu-toolchain/bin/../lib/gcc/avr/5.4.0/avr5\libgcc.a(_exit.o)
                0x00001084                _exit
                0x00001084                exit
 *(.fini9)
 *(.fini8)
 *(.fini8)
 *(.fini7)
 *(.fini7)
 *(.fini6)
 *(.fini6)
 *(.fini5)
 *(.fini5)
 *(.fini4)
 *(.fini4)
 *(.fini3)
 *(.fini3)
 *(.fini2)
 *(.fini2)
 *(.fini1)
 *(.fini1)
 *(.fini0)
 .fini0         0x00001084        0x4 c:/program files (x86)/atmel/studio/7.0/toolchain/avr8/avr8-gnu-toolchain/bin/../lib/gcc/avr/5.4.0/avr5\libgcc.a(_exit.o)
 *(.fini0)
                0x00001088                _etext = .

.data           0x00800060       0x52 load address 0x00001088
                0x00800060                PROVIDE (__data_start, .)
 *(.data)
 *(.data*)
 .data.IR_G_OUT
                0x00800060        0x2 APP/Traffic System/Traffic.o
                0x00800060                IR_G_OUT
 .data.IR_G_IN  0x00800062        0x2 APP/Traffic System/Traffic.o
                0x00800062                IR_G_IN
 .data.IR_P2    0x00800064        0x2 APP/Traffic System/Traffic.o
                0x00800064                IR_P2
 .data.IR_P1    0x00800066        0x2 APP/Traffic System/Traffic.o
                0x00800066                IR_P1
 .data.servo_in
                0x00800068        0x2 APP/Traffic System/Traffic.o
                0x00800068                servo_in
 .data.servo_timeOn
                0x0080006a        0x1 APP/Traffic System/Traffic.o
                0x0080006a                servo_timeOn
 .data.LED_P_GREEN
                0x0080006b        0x3 APP/Traffic System/Traffic.o
                0x0080006b                LED_P_GREEN
 .data.LED_P_YELLOW
                0x0080006e        0x3 APP/Traffic System/Traffic.o
                0x0080006e                LED_P_YELLOW
 .data.LED_P_RED
                0x00800071        0x3 APP/Traffic System/Traffic.o
                0x00800071                LED_P_RED
 .data.LED_C_GREEN
                0x00800074        0x3 APP/Traffic System/Traffic.o
                0x00800074                LED_C_GREEN
 .data.LED_C_YELLOW
                0x00800077        0x3 APP/Traffic System/Traffic.o
                0x00800077                LED_C_YELLOW
 .data.LED_C_RED
                0x0080007a        0x3 APP/Traffic System/Traffic.o
                0x0080007a                LED_C_RED
 .data.Mode     0x0080007d        0x1 APP/Traffic System/Traffic.o
                0x0080007d                Mode
 *(.gnu.linkonce.d*)
 *(.rodata)
 *(.rodata*)
 .rodata.str1.1
                0x0080007e       0x33 APP/Traffic System/Traffic.o
 *(.gnu.linkonce.r*)
                0x008000b2                . = ALIGN (0x2)
 *fill*         0x008000b1        0x1 
                0x008000b2                _edata = .
                0x008000b2                PROVIDE (__data_end, .)

.bss            0x008000b2       0x1c
                0x008000b2                PROVIDE (__bss_start, .)
 *(.bss)
 *(.bss*)
 .bss.places    0x008000b2        0x1 APP/Traffic System/Traffic.o
                0x008000b2                places
 .bss.complete_flag
                0x008000b3        0x1 APP/Traffic System/Traffic.o
                0x008000b3                complete_flag
 .bss.p2_flag   0x008000b4        0x1 APP/Traffic System/Traffic.o
                0x008000b4                p2_flag
 .bss.p1_flag   0x008000b5        0x1 APP/Traffic System/Traffic.o
                0x008000b5                p1_flag
 .bss.timer2_counter
                0x008000b6        0x1 APP/Traffic System/Traffic.o
                0x008000b6                timer2_counter
 .bss.CTC_counter
                0x008000b7        0x2 APP/Traffic System/Traffic.o
                0x008000b7                CTC_counter
 .bss.ADC_Chain_Channel
                0x008000b9        0x1 MCAL/ADC/ADC_Program.o
 .bss.ADC_Asyn_Chain_Flag
                0x008000ba        0x1 MCAL/ADC/ADC_Program.o
 .bss.ADC_Busy_Flag
                0x008000bb        0x1 MCAL/ADC/ADC_Program.o
 .bss.ADC_ASYN_NotificationFun
                0x008000bc        0x2 MCAL/ADC/ADC_Program.o
 .bss.ADC_Result
                0x008000be        0x2 MCAL/ADC/ADC_Program.o
 .bss.Array_of_ptr_to_callBackFunction
                0x008000c0        0x6 MCAL/EXT_INTERRUPT/EXT_INTERRUPT_Program.o
 .bss.TIMER0_PtrTo_CTC_CallBack_Func
                0x008000c6        0x2 MCAL/TIMERS/TIMER0/TIMER0_Program.o
 .bss.TIMER0_PtrTo_Overflow_CallBack_Func
                0x008000c8        0x2 MCAL/TIMERS/TIMER0/TIMER0_Program.o
 .bss.TIMER2_PtrTo_CTC_CallBack_Func
                0x008000ca        0x2 MCAL/TIMERS/TIMER2/TIMER2_Program.o
 .bss.TIMER2_PtrTo_Overflow_CallBack_Func
                0x008000cc        0x2 MCAL/TIMERS/TIMER2/TIMER2_Program.o
 *(COMMON)
                0x008000ce                PROVIDE (__bss_end, .)
                0x00001088                __data_load_start = LOADADDR (.data)
                0x000010da                __data_load_end = (__data_load_start + SIZEOF (.data))

.noinit         0x008000ce        0x0
                [!provide]                PROVIDE (__noinit_start, .)
 *(.noinit*)
                [!provide]                PROVIDE (__noinit_end, .)
                0x008000ce                _end = .
                [!provide]                PROVIDE (__heap_start, .)

.eeprom         0x00810000        0x0
 *(.eeprom*)
                0x00810000                __eeprom_end = .

.fuse
 *(.fuse)
 *(.lfuse)
 *(.hfuse)
 *(.efuse)

.lock
 *(.lock*)

.signature
 *(.signature*)

.user_signatures
 *(.user_signatures*)

.stab
 *(.stab)

.stabstr
 *(.stabstr)

.stab.excl
 *(.stab.excl)

.stab.exclstr
 *(.stab.exclstr)

.stab.index
 *(.stab.index)

.stab.indexstr
 *(.stab.indexstr)

.comment        0x00000000       0x30
 *(.comment)
 .comment       0x00000000       0x30 APP/Traffic System/Traffic.o
                                 0x31 (size before relaxing)
 .comment       0x00000030       0x31 main.o
 .comment       0x00000030       0x31 MCAL/ADC/ADC_Program.o
 .comment       0x00000030       0x31 MCAL/EXT_INTERRUPT/EXT_INTERRUPT_Program.o
 .comment       0x00000030       0x31 MCAL/GPIO/GPIO_Program.o
 .comment       0x00000030       0x31 MCAL/TIMERS/TIMER0/TIMER0_Program.o
 .comment       0x00000030       0x31 MCAL/TIMERS/TIMER2/TIMER2_Program.o
 .comment       0x00000030       0x31 MCUAL/IR SENSOR/IR_Program.o
 .comment       0x00000030       0x31 MCUAL/LCD/LCD_Program.o
 .comment       0x00000030       0x31 MCUAL/LEDs/LED_Program.o
 .comment       0x00000030       0x31 MCUAL/MOTORS/SERVO_MOTOR/SERVO_Program.o

.note.gnu.avr.deviceinfo
                0x00000000       0x3c
 .note.gnu.avr.deviceinfo
                0x00000000       0x3c C:/Program Files (x86)/Atmel/Studio/7.0/Packs/atmel/ATmega_DFP/1.7.374/gcc/dev/atmega32/avr5/crtatmega32.o

.note.gnu.build-id
 *(.note.gnu.build-id)

.debug
 *(.debug)

.line
 *(.line)

.debug_srcinfo
 *(.debug_srcinfo)

.debug_sfnames
 *(.debug_sfnames)

.debug_aranges  0x00000000      0x318
 *(.debug_aranges)
 .debug_aranges
                0x00000000       0x40 APP/Traffic System/Traffic.o
 .debug_aranges
                0x00000040       0x28 main.o
 .debug_aranges
                0x00000068       0x40 MCAL/ADC/ADC_Program.o
 .debug_aranges
                0x000000a8       0x50 MCAL/EXT_INTERRUPT/EXT_INTERRUPT_Program.o
 .debug_aranges
                0x000000f8       0x68 MCAL/GPIO/GPIO_Program.o
 .debug_aranges
                0x00000160       0x58 MCAL/TIMERS/TIMER0/TIMER0_Program.o
 .debug_aranges
                0x000001b8       0x58 MCAL/TIMERS/TIMER2/TIMER2_Program.o
 .debug_aranges
                0x00000210       0x28 MCUAL/IR SENSOR/IR_Program.o
 .debug_aranges
                0x00000238       0x88 MCUAL/LCD/LCD_Program.o
 .debug_aranges
                0x000002c0       0x38 MCUAL/LEDs/LED_Program.o
 .debug_aranges
                0x000002f8       0x20 MCUAL/MOTORS/SERVO_MOTOR/SERVO_Program.o

.debug_pubnames
 *(.debug_pubnames)

.debug_info     0x00000000     0x35f4
 *(.debug_info .gnu.linkonce.wi.*)
 .debug_info    0x00000000      0x4e6 C:/Program Files (x86)/Atmel/Studio/7.0/Packs/atmel/ATmega_DFP/1.7.374/gcc/dev/atmega32/avr5/crtatmega32.o
 .debug_info    0x000004e6     0x1174 APP/Traffic System/Traffic.o
 .debug_info    0x0000165a       0xe0 main.o
 .debug_info    0x0000173a      0x292 MCAL/ADC/ADC_Program.o
 .debug_info    0x000019cc      0x1c2 MCAL/EXT_INTERRUPT/EXT_INTERRUPT_Program.o
 .debug_info    0x00001b8e      0x471 MCAL/GPIO/GPIO_Program.o
 .debug_info    0x00001fff      0x1fa MCAL/TIMERS/TIMER0/TIMER0_Program.o
 .debug_info    0x000021f9      0x1fa MCAL/TIMERS/TIMER2/TIMER2_Program.o
 .debug_info    0x000023f3      0x1e7 MCUAL/IR SENSOR/IR_Program.o
 .debug_info    0x000025da      0xb48 MCUAL/LCD/LCD_Program.o
 .debug_info    0x00003122      0x342 MCUAL/LEDs/LED_Program.o
 .debug_info    0x00003464      0x190 MCUAL/MOTORS/SERVO_MOTOR/SERVO_Program.o

.debug_abbrev   0x00000000     0x10fa
 *(.debug_abbrev)
 .debug_abbrev  0x00000000      0x4a3 C:/Program Files (x86)/Atmel/Studio/7.0/Packs/atmel/ATmega_DFP/1.7.374/gcc/dev/atmega32/avr5/crtatmega32.o
 .debug_abbrev  0x000004a3      0x112 APP/Traffic System/Traffic.o
 .debug_abbrev  0x000005b5       0x80 main.o
 .debug_abbrev  0x00000635       0xf6 MCAL/ADC/ADC_Program.o
 .debug_abbrev  0x0000072b       0xfb MCAL/EXT_INTERRUPT/EXT_INTERRUPT_Program.o
 .debug_abbrev  0x00000826      0x10c MCAL/GPIO/GPIO_Program.o
 .debug_abbrev  0x00000932      0x11d MCAL/TIMERS/TIMER0/TIMER0_Program.o
 .debug_abbrev  0x00000a4f      0x11d MCAL/TIMERS/TIMER2/TIMER2_Program.o
 .debug_abbrev  0x00000b6c       0xfe MCUAL/IR SENSOR/IR_Program.o
 .debug_abbrev  0x00000c6a      0x2c9 MCUAL/LCD/LCD_Program.o
 .debug_abbrev  0x00000f33       0xf8 MCUAL/LEDs/LED_Program.o
 .debug_abbrev  0x0000102b       0xcf MCUAL/MOTORS/SERVO_MOTOR/SERVO_Program.o

.debug_line     0x00000000     0x1d6d
 *(.debug_line .debug_line.* .debug_line_end)
 .debug_line    0x00000000      0x116 C:/Program Files (x86)/Atmel/Studio/7.0/Packs/atmel/ATmega_DFP/1.7.374/gcc/dev/atmega32/avr5/crtatmega32.o
 .debug_line    0x00000116      0x697 APP/Traffic System/Traffic.o
 .debug_line    0x000007ad       0x7c main.o
 .debug_line    0x00000829      0x275 MCAL/ADC/ADC_Program.o
 .debug_line    0x00000a9e      0x18b MCAL/EXT_INTERRUPT/EXT_INTERRUPT_Program.o
 .debug_line    0x00000c29      0x5fc MCAL/GPIO/GPIO_Program.o
 .debug_line    0x00001225      0x1a2 MCAL/TIMERS/TIMER0/TIMER0_Program.o
 .debug_line    0x000013c7      0x1a2 MCAL/TIMERS/TIMER2/TIMER2_Program.o
 .debug_line    0x00001569       0xdb MCUAL/IR SENSOR/IR_Program.o
 .debug_line    0x00001644      0x4cf MCUAL/LCD/LCD_Program.o
 .debug_line    0x00001b13      0x1a9 MCUAL/LEDs/LED_Program.o
 .debug_line    0x00001cbc       0xb1 MCUAL/MOTORS/SERVO_MOTOR/SERVO_Program.o

.debug_frame    0x00000000      0x814
 *(.debug_frame)
 .debug_frame   0x00000000       0x64 APP/Traffic System/Traffic.o
 .debug_frame   0x00000064       0x34 main.o
 .debug_frame   0x00000098       0xac MCAL/ADC/ADC_Program.o
 .debug_frame   0x00000144      0x15c MCAL/EXT_INTERRUPT/EXT_INTERRUPT_Program.o
 .debug_frame   0x000002a0       0xb4 MCAL/GPIO/GPIO_Program.o
 .debug_frame   0x00000354      0x124 MCAL/TIMERS/TIMER0/TIMER0_Program.o
 .debug_frame   0x00000478      0x124 MCAL/TIMERS/TIMER2/TIMER2_Program.o
 .debug_frame   0x0000059c       0x34 MCUAL/IR SENSOR/IR_Program.o
 .debug_frame   0x000005d0      0x1cc MCUAL/LCD/LCD_Program.o
 .debug_frame   0x0000079c       0x54 MCUAL/LEDs/LED_Program.o
 .debug_frame   0x000007f0       0x24 MCUAL/MOTORS/SERVO_MOTOR/SERVO_Program.o

.debug_str      0x00000000      0xdab
 *(.debug_str)
 .debug_str     0x00000000      0x196 C:/Program Files (x86)/Atmel/Studio/7.0/Packs/atmel/ATmega_DFP/1.7.374/gcc/dev/atmega32/avr5/crtatmega32.o
 .debug_str     0x00000196      0x4f2 APP/Traffic System/Traffic.o
                                0x52b (size before relaxing)
 .debug_str     0x00000688       0x22 main.o
                                0x205 (size before relaxing)
 .debug_str     0x000006aa      0x12e MCAL/ADC/ADC_Program.o
                                0x322 (size before relaxing)
 .debug_str     0x000007d8       0x97 MCAL/EXT_INTERRUPT/EXT_INTERRUPT_Program.o
                                0x2f9 (size before relaxing)
 .debug_str     0x0000086f      0x115 MCAL/GPIO/GPIO_Program.o
                                0x3f2 (size before relaxing)
 .debug_str     0x00000984      0x108 MCAL/TIMERS/TIMER0/TIMER0_Program.o
                                0x33c (size before relaxing)
 .debug_str     0x00000a8c       0xd3 MCAL/TIMERS/TIMER2/TIMER2_Program.o
                                0x33a (size before relaxing)
 .debug_str     0x00000b5f       0x2a MCUAL/IR SENSOR/IR_Program.o
                                0x2f8 (size before relaxing)
 .debug_str     0x00000b89      0x1c1 MCUAL/LCD/LCD_Program.o
                                0x500 (size before relaxing)
 .debug_str     0x00000d4a       0x2f MCUAL/LEDs/LED_Program.o
                                0x39c (size before relaxing)
 .debug_str     0x00000d79       0x32 MCUAL/MOTORS/SERVO_MOTOR/SERVO_Program.o
                                0x2e7 (size before relaxing)

.debug_loc      0x00000000     0x2675
 *(.debug_loc)
 .debug_loc     0x00000000      0x2fe MCAL/ADC/ADC_Program.o
 .debug_loc     0x000002fe      0x2eb MCAL/EXT_INTERRUPT/EXT_INTERRUPT_Program.o
 .debug_loc     0x000005e9      0xdf8 MCAL/GPIO/GPIO_Program.o
 .debug_loc     0x000013e1      0x251 MCAL/TIMERS/TIMER0/TIMER0_Program.o
 .debug_loc     0x00001632      0x251 MCAL/TIMERS/TIMER2/TIMER2_Program.o
 .debug_loc     0x00001883       0x8b MCUAL/IR SENSOR/IR_Program.o
 .debug_loc     0x0000190e      0xa79 MCUAL/LCD/LCD_Program.o
 .debug_loc     0x00002387      0x2b8 MCUAL/LEDs/LED_Program.o
 .debug_loc     0x0000263f       0x36 MCUAL/MOTORS/SERVO_MOTOR/SERVO_Program.o

.debug_macinfo
 *(.debug_macinfo)

.debug_weaknames
 *(.debug_weaknames)

.debug_funcnames
 *(.debug_funcnames)

.debug_typenames
 *(.debug_typenames)

.debug_varnames
 *(.debug_varnames)

.debug_pubtypes
 *(.debug_pubtypes)

.debug_ranges   0x00000000      0x268
 *(.debug_ranges)
 .debug_ranges  0x00000000       0x30 APP/Traffic System/Traffic.o
 .debug_ranges  0x00000030       0x18 main.o
 .debug_ranges  0x00000048       0x30 MCAL/ADC/ADC_Program.o
 .debug_ranges  0x00000078       0x40 MCAL/EXT_INTERRUPT/EXT_INTERRUPT_Program.o
 .debug_ranges  0x000000b8       0x58 MCAL/GPIO/GPIO_Program.o
 .debug_ranges  0x00000110       0x48 MCAL/TIMERS/TIMER0/TIMER0_Program.o
 .debug_ranges  0x00000158       0x48 MCAL/TIMERS/TIMER2/TIMER2_Program.o
 .debug_ranges  0x000001a0       0x18 MCUAL/IR SENSOR/IR_Program.o
 .debug_ranges  0x000001b8       0x78 MCUAL/LCD/LCD_Program.o
 .debug_ranges  0x00000230       0x28 MCUAL/LEDs/LED_Program.o
 .debug_ranges  0x00000258       0x10 MCUAL/MOTORS/SERVO_MOTOR/SERVO_Program.o

.debug_macro
 *(.debug_macro)
OUTPUT(All my (AVR) drivers.elf elf32-avr)
LOAD linker stubs
